Archive member included to satisfy reference by file (symbol)

C:/Users/JOHNNY~1/PICO-S~1/TOOLCH~1/14_2_R~1/bin/../lib/gcc/arm-none-eabi/14.2.1/thumb/v6-m/nofp\libgcc.a(_dvmd_tls.o)
                              CMakeFiles/kws_features.dir/C_/Users/Johnny_Vu/.pico-sdk/sdk/2.2.0/src/rp2_common/pico_divider/divider_hardware.S.obj (__aeabi_idiv0)
C:/Users/JOHNNY~1/PICO-S~1/TOOLCH~1/14_2_R~1/bin/../lib/gcc/arm-none-eabi/14.2.1/thumb/v6-m/nofp\libg.a(libc_a-calloc.o)
                              CMakeFiles/kws_features.dir/C_/Users/Johnny_Vu/.pico-sdk/sdk/2.2.0/src/rp2_common/pico_malloc/malloc.c.obj (calloc)
C:/Users/JOHNNY~1/PICO-S~1/TOOLCH~1/14_2_R~1/bin/../lib/gcc/arm-none-eabi/14.2.1/thumb/v6-m/nofp\libg.a(libc_a-callocr.o)
                              C:/Users/JOHNNY~1/PICO-S~1/TOOLCH~1/14_2_R~1/bin/../lib/gcc/arm-none-eabi/14.2.1/thumb/v6-m/nofp\libg.a(libc_a-calloc.o) (_calloc_r)
C:/Users/JOHNNY~1/PICO-S~1/TOOLCH~1/14_2_R~1/bin/../lib/gcc/arm-none-eabi/14.2.1/thumb/v6-m/nofp\libg.a(libc_a-malloc.o)
                              CMakeFiles/kws_features.dir/C_/Users/Johnny_Vu/.pico-sdk/sdk/2.2.0/src/rp2_common/pico_malloc/malloc.c.obj (malloc)
C:/Users/JOHNNY~1/PICO-S~1/TOOLCH~1/14_2_R~1/bin/../lib/gcc/arm-none-eabi/14.2.1/thumb/v6-m/nofp\libg.a(libc_a-mallocr.o)
                              C:/Users/JOHNNY~1/PICO-S~1/TOOLCH~1/14_2_R~1/bin/../lib/gcc/arm-none-eabi/14.2.1/thumb/v6-m/nofp\libg.a(libc_a-callocr.o) (_malloc_r)
C:/Users/JOHNNY~1/PICO-S~1/TOOLCH~1/14_2_R~1/bin/../lib/gcc/arm-none-eabi/14.2.1/thumb/v6-m/nofp\libg.a(libc_a-mlock.o)
                              C:/Users/JOHNNY~1/PICO-S~1/TOOLCH~1/14_2_R~1/bin/../lib/gcc/arm-none-eabi/14.2.1/thumb/v6-m/nofp\libg.a(libc_a-mallocr.o) (__malloc_lock)
C:/Users/JOHNNY~1/PICO-S~1/TOOLCH~1/14_2_R~1/bin/../lib/gcc/arm-none-eabi/14.2.1/thumb/v6-m/nofp\libg.a(libc_a-realloc.o)
                              CMakeFiles/kws_features.dir/C_/Users/Johnny_Vu/.pico-sdk/sdk/2.2.0/src/rp2_common/pico_malloc/malloc.c.obj (realloc)
C:/Users/JOHNNY~1/PICO-S~1/TOOLCH~1/14_2_R~1/bin/../lib/gcc/arm-none-eabi/14.2.1/thumb/v6-m/nofp\libg.a(libc_a-reallocr.o)
                              C:/Users/JOHNNY~1/PICO-S~1/TOOLCH~1/14_2_R~1/bin/../lib/gcc/arm-none-eabi/14.2.1/thumb/v6-m/nofp\libg.a(libc_a-realloc.o) (_realloc_r)
C:/Users/JOHNNY~1/PICO-S~1/TOOLCH~1/14_2_R~1/bin/../lib/gcc/arm-none-eabi/14.2.1/thumb/v6-m/nofp\libg.a(libc_a-ctype_.o)
                              CMakeFiles/kws_features.dir/C_/Users/Johnny_Vu/.pico-sdk/sdk/2.2.0/lib/tinyusb/src/tusb.c.obj (_ctype_)
C:/Users/JOHNNY~1/PICO-S~1/TOOLCH~1/14_2_R~1/bin/../lib/gcc/arm-none-eabi/14.2.1/thumb/v6-m/nofp\libg.a(libc_a-memcmp.o)
                              CMakeFiles/kws_features.dir/C_/Users/Johnny_Vu/.pico-sdk/sdk/2.2.0/src/rp2_common/pico_atomic/atomic.c.obj (memcmp)
C:/Users/JOHNNY~1/PICO-S~1/TOOLCH~1/14_2_R~1/bin/../lib/gcc/arm-none-eabi/14.2.1/thumb/v6-m/nofp\libg.a(libc_a-memmove.o)
                              CMakeFiles/kws_features.dir/C_/Users/Johnny_Vu/.pico-sdk/sdk/2.2.0/lib/cyw43-driver/src/cyw43_ll.c.obj (memmove)
C:/Users/JOHNNY~1/PICO-S~1/TOOLCH~1/14_2_R~1/bin/../lib/gcc/arm-none-eabi/14.2.1/thumb/v6-m/nofp\libg.a(libc_a-strncmp.o)
                              CMakeFiles/kws_features.dir/C_/Users/Johnny_Vu/.pico-sdk/sdk/2.2.0/lib/cyw43-driver/src/cyw43_ll.c.obj (strncmp)
C:/Users/JOHNNY~1/PICO-S~1/TOOLCH~1/14_2_R~1/bin/../lib/gcc/arm-none-eabi/14.2.1/thumb/v6-m/nofp\libg.a(libc_a-lcltime_r.o)
                              CMakeFiles/kws_features.dir/C_/Users/Johnny_Vu/.pico-sdk/sdk/2.2.0/src/common/pico_util/datetime.c.obj (localtime_r)
C:/Users/JOHNNY~1/PICO-S~1/TOOLCH~1/14_2_R~1/bin/../lib/gcc/arm-none-eabi/14.2.1/thumb/v6-m/nofp\libg.a(libc_a-mktime.o)
                              CMakeFiles/kws_features.dir/C_/Users/Johnny_Vu/.pico-sdk/sdk/2.2.0/src/common/pico_util/datetime.c.obj (mktime)
C:/Users/JOHNNY~1/PICO-S~1/TOOLCH~1/14_2_R~1/bin/../lib/gcc/arm-none-eabi/14.2.1/thumb/v6-m/nofp\libg.a(libc_a-month_lengths.o)
                              C:/Users/JOHNNY~1/PICO-S~1/TOOLCH~1/14_2_R~1/bin/../lib/gcc/arm-none-eabi/14.2.1/thumb/v6-m/nofp\libg.a(libc_a-lcltime_r.o) (__month_lengths)
C:/Users/JOHNNY~1/PICO-S~1/TOOLCH~1/14_2_R~1/bin/../lib/gcc/arm-none-eabi/14.2.1/thumb/v6-m/nofp\libg.a(libc_a-tzcalc_limits.o)
                              C:/Users/JOHNNY~1/PICO-S~1/TOOLCH~1/14_2_R~1/bin/../lib/gcc/arm-none-eabi/14.2.1/thumb/v6-m/nofp\libg.a(libc_a-lcltime_r.o) (__tzcalc_limits)
C:/Users/JOHNNY~1/PICO-S~1/TOOLCH~1/14_2_R~1/bin/../lib/gcc/arm-none-eabi/14.2.1/thumb/v6-m/nofp\libg.a(libc_a-tzlock.o)
                              C:/Users/JOHNNY~1/PICO-S~1/TOOLCH~1/14_2_R~1/bin/../lib/gcc/arm-none-eabi/14.2.1/thumb/v6-m/nofp\libg.a(libc_a-lcltime_r.o) (__tz_lock)
C:/Users/JOHNNY~1/PICO-S~1/TOOLCH~1/14_2_R~1/bin/../lib/gcc/arm-none-eabi/14.2.1/thumb/v6-m/nofp\libg.a(libc_a-tzset.o)
[...]
Memory Configuration

Name             Origin             Length             Attributes
FLASH            0x10000000         0x00200000         xr
RAM              0x20000000         0x00040000         xrw
SCRATCH_X        0x20040000         0x00001000         xrw
SCRATCH_Y        0x20041000         0x00001000         xrw
*default*        0x00000000         0xffffffff

Linker script and memory map

LOAD C:/Users/JOHNNY~1/PICO-S~1/TOOLCH~1/14_2_R~1/bin/../lib/gcc/arm-none-eabi/14.2.1/thumb/v6-m/nofp/crti.o
LOAD C:/Users/JOHNNY~1/PICO-S~1/TOOLCH~1/14_2_R~1/bin/../lib/gcc/arm-none-eabi/14.2.1/thumb/v6-m/nofp/crtbegin.o
LOAD C:/Users/JOHNNY~1/PICO-S~1/TOOLCH~1/14_2_R~1/bin/../lib/gcc/arm-none-eabi/14.2.1/thumb/v6-m/nofp/crt0.o

.flash_begin    0x10000000        0x0
                0x10000000                        __flash_binary_start = .

.boot2          0x10000000      0x100
                0x10000000                        __boot2_start__ = .
 *(.boot2)
 .boot2         0x10000000      0x100 pico-sdk/src/rp2040/boot_stage2/CMakeFiles/bs2_default_library.dir/./bs2_default_padded_checksummed.S.obj
                0x10000100                        __boot2_end__ = .
                0x00000001                        ASSERT (((__boot2_end__ - __boot2_start__) == 0x100), ERROR: Pico second stage bootloader must be 256 bytes in size)

.text           0x10000100     0x7a24
                0x10000100                        __logical_binary_start = .
 *(.vectors)
 .vectors       0x10000100       0xd4 CMakeFiles/kws_features.dir/C_/Users/Johnny_Vu/.pico-sdk/sdk/2.2.0/src/rp2_common/pico_crt0/crt0.S.obj
                0x10000100                __VECTOR_TABLE
                0x10000100                __vectors
                0x100001c0                isr_irq13
                0x100001c0                isr_irq27
                0x100001c0                isr_irq31
                0x100001c0                isr_irq12
                0x100001c0                isr_irq5
                0x100001c0                isr_irq11
                0x100001c0                isr_irq3
                0x100001c0                isr_irq23
                0x100001c0                __unhandled_user_irq
                0x100001c0                isr_irq26
                0x100001c0                isr_irq28
                0x100001c0                isr_irq19
                0x100001c0                isr_irq0
                0x100001c0                isr_irq6
                0x100001c0                isr_irq29
                0x100001c0                isr_irq16
                0x100001c0                isr_irq22
                0x100001c0                isr_irq18
                0x100001c0                isr_irq17
                0x100001c0                isr_irq14
                0x100001c0                __vectors_end
                0x100001c0                __default_isrs_start
                0x100001c0                isr_irq2
                0x100001c0                isr_irq10
                0x100001c0                isr_irq8
                0x100001c0                isr_irq24
                0x100001c0                isr_irq1
                0x100001c0                isr_irq7
                0x100001c0                isr_irq21
                0x100001c0                isr_irq20
                0x100001c0                isr_irq15
                0x100001c0                isr_irq25
                0x100001c0                isr_irq4
                0x100001c0                isr_irq30
                0x100001c0                isr_irq9
                0x100001c6                unhandled_user_irq_num_in_r0
                0x100001c8                isr_invalid
                0x100001ca                isr_nmi
                0x100001cc                isr_hardfault
                0x100001ce                isr_svcall
                0x100001d0                isr_pendsv
                0x100001d2                isr_systick
                0x100001d4                __default_isrs_end
 *(.binary_info_header)
 .binary_info_header
                0x100001d4       0x14 CMakeFiles/kws_features.dir/C_/Users/Johnny_Vu/.pico-sdk/sdk/2.2.0/src/rp2_common/pico_crt0/crt0.S.obj
                0x100001e8                        __binary_info_header_end = .
 *(.embedded_block)
                0x100001e8                        __embedded_block_end = .
 *(.reset)
 .reset         0x100001e8       0x9c CMakeFiles/kws_features.dir/C_/Users/Johnny_Vu/.pico-sdk/sdk/2.2.0/src/rp2_common/pico_crt0/crt0.S.obj
                0x100001e8                _entry_point
 *(.init)
 .init          0x10000284        0x4 C:/Users/JOHNNY~1/PICO-S~1/TOOLCH~1/14_2_R~1/bin/../lib/gcc/arm-none-eabi/14.2.1/thumb/v6-m/nofp/crti.o
                0x10000284                _init
 *(EXCLUDE_FILE(*libm.a: *libc.a:*lib_a-mem*.o *libgcc.a:) .text*)
 .text.register_tm_clones
                0x10000288       0x28 C:/Users/JOHNNY~1/PICO-S~1/TOOLCH~1/14_2_R~1/bin/../lib/gcc/arm-none-eabi/14.2.1/thumb/v6-m/nofp/crtbegin.o
 .text.frame_dummy
                0x100002b0       0x24 C:/Users/JOHNNY~1/PICO-S~1/TOOLCH~1/14_2_R~1/bin/../lib/gcc/arm-none-eabi/14.2.1/thumb/v6-m/nofp/crtbegin.o
 .text.agc_init
                0x100002d4        0xa CMakeFiles/kws_features.dir/src/main.c.obj
 *fill*         0x100002de        0x2 
 .text.preemph  0x100002e0       0x38 CMakeFiles/kws_features.dir/src/main.c.obj
 .text.vad_init
                0x10000318       0x10 CMakeFiles/kws_features.dir/src/main.c.obj
 .text.kws_init
                0x10000328        0x6 CMakeFiles/kws_features.dir/src/main.c.obj
 *fill*         0x1000032e        0x2 
 .text.make_hamming
                0x10000330       0x50 CMakeFiles/kws_features.dir/src/main.c.obj
 .text.agc_process
                0x10000380       0xd0 CMakeFiles/kws_features.dir/src/main.c.obj
 .text.cosine_sim
                0x10000450       0xb2 CMakeFiles/kws_features.dir/src/main.c.obj
 *fill*         0x10000502        0x2 
 .text.kws_detect
                0x10000504       0x4c CMakeFiles/kws_features.dir/src/main.c.obj
 .text.vad_update
                0x10000550       0xdc CMakeFiles/kws_features.dir/src/main.c.obj
 .text.capture_template_once
                0x1000062c      0x14c CMakeFiles/kws_features.dir/src/main.c.obj
 .text.main     0x10000778      0x12c CMakeFiles/kws_features.dir/src/main.c.obj
                0x10000778                main
 .text.sample_cb
                0x100008a4       0x58 CMakeFiles/kws_features.dir/src/audio.c.obj
 .text.adc_gpio_init
                0x100008fc       0x1e CMakeFiles/kws_features.dir/src/audio.c.obj
 .text.add_repeating_timer_us
                0x1000091a       0x24 CMakeFiles/kws_features.dir/src/audio.c.obj
 *fill*         0x1000093e        0x2 
 .text.audio_init
                0x10000940       0x4c CMakeFiles/kws_features.dir/src/audio.c.obj
                0x10000940                audio_init
 .text.audio_get_recent
                0x1000098c       0x70 CMakeFiles/kws_features.dir/src/audio.c.obj
                0x1000098c                audio_get_recent
 .text.audio_read_block
                0x100009fc       0x34 CMakeFiles/kws_features.dir/src/audio.c.obj
                0x100009fc                audio_read_block
 .text.audio_get_frame
                0x10000a30        0x8 CMakeFiles/kws_features.dir/src/audio.c.obj
                0x10000a30                audio_get_frame
 .text.mel_to_hz
                0x10000a38       0x2c CMakeFiles/kws_features.dir/src/mfcc.c.obj
 .text.fft      0x10000a64      0x1bc CMakeFiles/kws_features.dir/src/mfcc.c.obj
 .text.mfcc_init
                0x10000c20      0x314 CMakeFiles/kws_features.dir/src/mfcc.c.obj
                0x10000c20                mfcc_init
 .text.mfcc_compute
                0x10000f34      0x1a4 CMakeFiles/kws_features.dir/src/mfcc.c.obj
                0x10000f34                mfcc_compute
 .text.gpio_set_function
                0x100010d8       0x34 CMakeFiles/kws_features.dir/C_/Users/Johnny_Vu/.pico-sdk/sdk/2.2.0/src/rp2_common/hardware_gpio/gpio.c.obj
                0x100010d8                gpio_set_function
 .text.gpio_set_pulls
                0x1000110c       0x38 CMakeFiles/kws_features.dir/C_/Users/Johnny_Vu/.pico-sdk/sdk/2.2.0/src/rp2_common/hardware_gpio/gpio.c.obj
                0x1000110c                gpio_set_pulls
 .text.gpio_set_input_enabled
                0x10001144       0x28 CMakeFiles/kws_features.dir/C_/Users/Johnny_Vu/.pico-sdk/sdk/2.2.0/src/rp2_common/hardware_gpio/gpio.c.obj
                0x10001144                gpio_set_input_enabled
 .text.rp2040_chip_version
                0x1000116c       0x54 CMakeFiles/kws_features.dir/C_/Users/Johnny_Vu/.pico-sdk/sdk/2.2.0/src/rp2040/pico_platform/platform.c.obj
                0x1000116c                rp2040_chip_version
 .text.panic    0x100011c0       0x30 CMakeFiles/kws_features.dir/C_/Users/Johnny_Vu/.pico-sdk/sdk/2.2.0/src/rp2_common/pico_platform_panic/panic.c.obj
                0x100011c0                panic
 .text.hw_claim_lock
                0x100011f0       0x18 CMakeFiles/kws_features.dir/C_/Users/Johnny_Vu/.pico-sdk/sdk/2.2.0/src/common/hardware_claim/claim.c.obj
                0x100011f0                hw_claim_lock
 .text.hw_claim_unlock
                0x10001208       0x14 CMakeFiles/kws_features.dir/C_/Users/Johnny_Vu/.pico-sdk/sdk/2.2.0/src/common/hardware_claim/claim.c.obj
                0x10001208                hw_claim_unlock
 .text.hw_claim_or_assert
                0x1000121c       0x32 CMakeFiles/kws_features.dir/C_/Users/Johnny_Vu/.pico-sdk/sdk/2.2.0/src/common/hardware_claim/claim.c.obj
                0x1000121c                hw_claim_or_assert
 .text.hw_claim_unused_from_range
                0x1000124e       0x50 CMakeFiles/kws_features.dir/C_/Users/Johnny_Vu/.pico-sdk/sdk/2.2.0/src/common/hardware_claim/claim.c.obj
                0x1000124e                hw_claim_unused_from_range
 *fill*         0x1000129e        0x2 
 .text.next_striped_spin_lock_num
                0x100012a0       0x1c CMakeFiles/kws_features.dir/C_/Users/Johnny_Vu/.pico-sdk/sdk/2.2.0/src/rp2_common/hardware_sync/sync.c.obj
                0x100012a0                next_striped_spin_lock_num
 .text.spin_lock_claim_unused
                0x100012bc       0x24 CMakeFiles/kws_features.dir/C_/Users/Johnny_Vu/.pico-sdk/sdk/2.2.0/src/rp2_common/hardware_sync/sync.c.obj
                0x100012bc                spin_lock_claim_unused
 .text.spin_locks_reset
                0x100012e0       0x20 CMakeFiles/kws_features.dir/5d9bdb47a4f3c3e307bb4284d035f5b4/rp2_common/hardware_sync_spin_lock/sync_spin_lock.c.obj
                0x100012e0                spin_locks_reset
 .text.set_raw_irq_handler_and_unlock
                0x10001300       0x28 CMakeFiles/kws_features.dir/C_/Users/Johnny_Vu/.pico-sdk/sdk/2.2.0/src/rp2_common/hardware_irq/irq.c.obj
 .text.nvic_ipr0
                0x10001328        0x8 CMakeFiles/kws_features.dir/C_/Users/Johnny_Vu/.pico-sdk/sdk/2.2.0/src/rp2_common/hardware_irq/irq.c.obj
 .text.runtime_init_per_core_irq_priorities
                0x10001330       0x1c CMakeFiles/kws_features.dir/C_/Users/Johnny_Vu/.pico-sdk/sdk/2.2.0/src/rp2_common/hardware_irq/irq.c.obj
                0x10001330                runtime_init_per_core_irq_priorities
 .text.resolve_j_16
                0x1000134c       0x30 CMakeFiles/kws_features.dir/C_/Users/Johnny_Vu/.pico-sdk/sdk/2.2.0/src/rp2_common/hardware_irq/irq.c.obj
 .text.make_j_16
                0x1000137c       0x48 CMakeFiles/kws_features.dir/C_/Users/Johnny_Vu/.pico-sdk/sdk/2.2.0/src/rp2_common/hardware_irq/irq.c.obj
 .text.irq_is_enabled
                0x100013c4       0x18 CMakeFiles/kws_features.dir/C_/Users/Johnny_Vu/.pico-sdk/sdk/2.2.0/src/rp2_common/hardware_irq/irq.c.obj
                0x100013c4                irq_is_enabled
 .text.irq_set_mask_n_enabled
                0x100013dc       0x1c CMakeFiles/kws_features.dir/C_/Users/Johnny_Vu/.pico-sdk/sdk/2.2.0/src/rp2_common/hardware_irq/irq.c.obj
                0x100013dc                irq_set_mask_n_enabled
 .text.irq_set_enabled
                0x100013f8       0x14 CMakeFiles/kws_features.dir/C_/Users/Johnny_Vu/.pico-sdk/sdk/2.2.0/src/rp2_common/hardware_irq/irq.c.obj
                0x100013f8                irq_set_enabled
 .text.irq_set_pending
                0x1000140c       0x10 CMakeFiles/kws_features.dir/C_/Users/Johnny_Vu/.pico-sdk/sdk/2.2.0/src/rp2_common/hardware_irq/irq.c.obj
                0x1000140c                irq_set_pending
 .text.irq_get_vtable_handler
                0x1000141c       0x10 CMakeFiles/kws_features.dir/C_/Users/Johnny_Vu/.pico-sdk/sdk/2.2.0/src/rp2_common/hardware_irq/irq.c.obj
                0x1000141c                irq_get_vtable_handler
 .text.irq_has_shared_handler
                0x1000142c       0x1c CMakeFiles/kws_features.dir/C_/Users/Johnny_Vu/.pico-sdk/sdk/2.2.0/src/rp2_common/hardware_irq/irq.c.obj
                0x1000142c                irq_has_shared_handler
 .text.irq_set_exclusive_handler
                0x10001448       0x54 CMakeFiles/kws_features.dir/C_/Users/Johnny_Vu/.pico-sdk/sdk/2.2.0/src/rp2_common/hardware_irq/irq.c.obj
                0x10001448                irq_set_exclusive_handler
 .text.irq_add_shared_handler
                0x1000149c      0x218 CMakeFiles/kws_features.dir/C_/Users/Johnny_Vu/.pico-sdk/sdk/2.2.0/src/rp2_common/hardware_irq/irq.c.obj
                0x1000149c                irq_add_shared_handler
 .text.irq_add_tail_to_free_list
                0x100016b4       0xf4 CMakeFiles/kws_features.dir/C_/Users/Johnny_Vu/.pico-sdk/sdk/2.2.0/src/rp2_common/hardware_irq/irq.c.obj
                0x100016b4                irq_add_tail_to_free_list
 .text.user_irq_claim_unused
                0x100017a8       0x2c CMakeFiles/kws_features.dir/C_/Users/Johnny_Vu/.pico-sdk/sdk/2.2.0/src/rp2_common/hardware_irq/irq.c.obj
                0x100017a8                user_irq_claim_unused
 .text.lock_init
                0x100017d4       0x10 CMakeFiles/kws_features.dir/C_/Users/Johnny_Vu/.pico-sdk/sdk/2.2.0/src/common/pico_sync/lock_core.c.obj
                0x100017d4                lock_init
 .text.mutex_init
                0x100017e4       0x1a CMakeFiles/kws_features.dir/C_/Users/Johnny_Vu/.pico-sdk/sdk/2.2.0/src/common/pico_sync/mutex.c.obj
                0x100017e4                mutex_init
 .text.recursive_mutex_init
                0x100017fe       0x1e CMakeFiles/kws_features.dir/C_/Users/Johnny_Vu/.pico-sdk/sdk/2.2.0/src/common/pico_sync/mutex.c.obj
                0x100017fe                recursive_mutex_init
 .text.runtime_init_mutex
                0x1000181c       0x4c CMakeFiles/kws_features.dir/C_/Users/Johnny_Vu/.pico-sdk/sdk/2.2.0/src/common/pico_sync/mutex.c.obj
                0x1000181c                runtime_init_mutex
 .text.critical_section_init_with_lock_num
                0x10001868       0x14 CMakeFiles/kws_features.dir/C_/Users/Johnny_Vu/.pico-sdk/sdk/2.2.0/src/common/pico_sync/critical_section.c.obj
                0x10001868                critical_section_init_with_lock_num
 .text.critical_section_init
                0x1000187c       0x14 CMakeFiles/kws_features.dir/C_/Users/Johnny_Vu/.pico-sdk/sdk/2.2.0/src/common/pico_sync/critical_section.c.obj
                0x1000187c                critical_section_init
 .text.ta_set_timeout
                0x10001890       0x24 CMakeFiles/kws_features.dir/C_/Users/Johnny_Vu/.pico-sdk/sdk/2.2.0/src/common/pico_time/time.c.obj
 .text.make_alarm_id
                0x100018b4        0x6 CMakeFiles/kws_features.dir/C_/Users/Johnny_Vu/.pico-sdk/sdk/2.2.0/src/common/pico_time/time.c.obj
 *fill*         0x100018ba        0x2 
 .text.sleep_until_callback
                0x100018bc       0x30 CMakeFiles/kws_features.dir/C_/Users/Johnny_Vu/.pico-sdk/sdk/2.2.0/src/common/pico_time/time.c.obj
 .text.alarm_pool_irq_handler
                0x100018ec      0x2f0 CMakeFiles/kws_features.dir/C_/Users/Johnny_Vu/.pico-sdk/sdk/2.2.0/src/common/pico_time/time.c.obj
 .text.ta_enable_irq_handler
                0x10001bdc       0x2c CMakeFiles/kws_features.dir/C_/Users/Johnny_Vu/.pico-sdk/sdk/2.2.0/src/common/pico_time/time.c.obj
 .text.alarm_pool_post_alloc_init
                0x10001c08       0x78 CMakeFiles/kws_features.dir/C_/Users/Johnny_Vu/.pico-sdk/sdk/2.2.0/src/common/pico_time/time.c.obj
 .text.alarm_pool_get_default
                0x10001c80       0x2c CMakeFiles/kws_features.dir/C_/Users/Johnny_Vu/.pico-sdk/sdk/2.2.0/src/common/pico_time/time.c.obj
                0x10001c80                alarm_pool_get_default
 .text.alarm_pool_add_alarm_at_force_in_context
                0x10001cac       0xa4 CMakeFiles/kws_features.dir/C_/Users/Johnny_Vu/.pico-sdk/sdk/2.2.0/src/common/pico_time/time.c.obj
                0x10001cac                alarm_pool_add_alarm_at_force_in_context
 .text.alarm_pool_add_alarm_at
                0x10001d50       0x3c CMakeFiles/kws_features.dir/C_/Users/Johnny_Vu/.pico-sdk/sdk/2.2.0/src/common/pico_time/time.c.obj
                0x10001d50                alarm_pool_add_alarm_at
 .text.add_alarm_at
                0x10001d8c       0x2e CMakeFiles/kws_features.dir/C_/Users/Johnny_Vu/.pico-sdk/sdk/2.2.0/src/common/pico_time/time.c.obj
 *fill*         0x10001dba        0x2 
 .text.alarm_pool_cancel_alarm
                0x10001dbc       0x78 CMakeFiles/kws_features.dir/C_/Users/Johnny_Vu/.pico-sdk/sdk/2.2.0/src/common/pico_time/time.c.obj
                0x10001dbc                alarm_pool_cancel_alarm
 .text.cancel_alarm
                0x10001e34       0x10 CMakeFiles/kws_features.dir/C_/Users/Johnny_Vu/.pico-sdk/sdk/2.2.0/src/common/pico_time/time.c.obj
 .text.alarm_pool_core_num
                0x10001e44        0x4 CMakeFiles/kws_features.dir/C_/Users/Johnny_Vu/.pico-sdk/sdk/2.2.0/src/common/pico_time/time.c.obj
                0x10001e44                alarm_pool_core_num
 .text.sleep_until
                0x10001e48       0xb0 CMakeFiles/kws_features.dir/C_/Users/Johnny_Vu/.pico-sdk/sdk/2.2.0/src/common/pico_time/time.c.obj
                0x10001e48                sleep_until
 .text.sleep_us
                0x10001ef8       0x24 CMakeFiles/kws_features.dir/C_/Users/Johnny_Vu/.pico-sdk/sdk/2.2.0/src/common/pico_time/time.c.obj
                0x10001ef8                sleep_us
 .text.sleep_ms
                0x10001f1c       0x14 CMakeFiles/kws_features.dir/C_/Users/Johnny_Vu/.pico-sdk/sdk/2.2.0/src/common/pico_time/time.c.obj
                0x10001f1c                sleep_ms
 .text.best_effort_wfe_or_timeout
                0x10001f30      0x11c CMakeFiles/kws_features.dir/C_/Users/Johnny_Vu/.pico-sdk/sdk/2.2.0/src/common/pico_time/time.c.obj
                0x10001f30                best_effort_wfe_or_timeout
 .text.alarm_pool_add_repeating_timer_us
                0x1000204c       0x6c CMakeFiles/kws_features.dir/C_/Users/Johnny_Vu/.pico-sdk/sdk/2.2.0/src/common/pico_time/time.c.obj
                0x1000204c                alarm_pool_add_repeating_timer_us
 .text.alarm_pool_get_default_timer
                0x100020b8        0x8 CMakeFiles/kws_features.dir/C_/Users/Johnny_Vu/.pico-sdk/sdk/2.2.0/src/common/pico_time/time.c.obj
                0x100020b8                alarm_pool_get_default_timer
 .text.runtime_init_default_alarm_pool
                0x100020c0       0x38 CMakeFiles/kws_features.dir/C_/Users/Johnny_Vu/.pico-sdk/sdk/2.2.0/src/common/pico_time/time.c.obj
                0x100020c0                runtime_init_default_alarm_pool
 .text.timer_hardware_alarm_claim
                0x100020f8       0x14 CMakeFiles/kws_features.dir/C_/Users/Johnny_Vu/.pico-sdk/sdk/2.2.0/src/rp2_common/hardware_timer/timer.c.obj
                0x100020f8                timer_hardware_alarm_claim
 .text.timer_time_us_64
                0x1000210c       0x10 CMakeFiles/kws_features.dir/C_/Users/Johnny_Vu/.pico-sdk/sdk/2.2.0/src/rp2_common/hardware_timer/timer.c.obj
                0x1000210c                timer_time_us_64
 .text.timer_busy_wait_until
                0x1000211c       0x1a CMakeFiles/kws_features.dir/C_/Users/Johnny_Vu/.pico-sdk/sdk/2.2.0/src/rp2_common/hardware_timer/timer.c.obj
                0x1000211c                timer_busy_wait_until
 .text.timer_busy_wait_us
                0x10002136       0x38 CMakeFiles/kws_features.dir/C_/Users/Johnny_Vu/.pico-sdk/sdk/2.2.0/src/rp2_common/hardware_timer/timer.c.obj
                0x10002136                timer_busy_wait_us
 *fill*         0x1000216e        0x2 
 .text.time_us_64
                0x10002170       0x10 CMakeFiles/kws_features.dir/C_/Users/Johnny_Vu/.pico-sdk/sdk/2.2.0/src/rp2_common/hardware_timer/timer.c.obj
                0x10002170                time_us_64
 .text.busy_wait_us
                0x10002180       0x14 CMakeFiles/kws_features.dir/C_/Users/Johnny_Vu/.pico-sdk/sdk/2.2.0/src/rp2_common/hardware_timer/timer.c.obj
                0x10002180                busy_wait_us
 .text.busy_wait_until
                0x10002194       0x14 CMakeFiles/kws_features.dir/C_/Users/Johnny_Vu/.pico-sdk/sdk/2.2.0/src/rp2_common/hardware_timer/timer.c.obj
                0x10002194                busy_wait_until
 .text.clock_configure_internal
                0x100021a8       0xc4 CMakeFiles/kws_features.dir/C_/Users/Johnny_Vu/.pico-sdk/sdk/2.2.0/src/rp2_common/hardware_clocks/clocks.c.obj
 .text.clock_configure_int_divider
                0x1000226c       0x28 CMakeFiles/kws_features.dir/C_/Users/Johnny_Vu/.pico-sdk/sdk/2.2.0/src/rp2_common/hardware_clocks/clocks.c.obj
                0x1000226c                clock_configure_int_divider
 .text.clock_configure_undivided
                0x10002294       0x12 CMakeFiles/kws_features.dir/C_/Users/Johnny_Vu/.pico-sdk/sdk/2.2.0/src/rp2_common/hardware_clocks/clocks.c.obj
                0x10002294                clock_configure_undivided
 *fill*         0x100022a6        0x2 
 .text.clock_get_hz
                0x100022a8        0xc CMakeFiles/kws_features.dir/C_/Users/Johnny_Vu/.pico-sdk/sdk/2.2.0/src/rp2_common/hardware_clocks/clocks.c.obj
                0x100022a8                clock_get_hz
 .text.pll_init
                0x100022b4      0x124 CMakeFiles/kws_features.dir/C_/Users/Johnny_Vu/.pico-sdk/sdk/2.2.0/src/rp2_common/hardware_pll/pll.c.obj
                0x100022b4                pll_init
 .text.watchdog_update
                0x100023d8       0x14 CMakeFiles/kws_features.dir/C_/Users/Johnny_Vu/.pico-sdk/sdk/2.2.0/src/rp2_common/hardware_watchdog/watchdog.c.obj
                0x100023d8                watchdog_update
 .text._watchdog_enable
                0x100023ec       0x78 CMakeFiles/kws_features.dir/C_/Users/Johnny_Vu/.pico-sdk/sdk/2.2.0/src/rp2_common/hardware_watchdog/watchdog.c.obj
                0x100023ec                _watchdog_enable
 .text.watchdog_reboot
                0x10002464       0x48 CMakeFiles/kws_features.dir/C_/Users/Johnny_Vu/.pico-sdk/sdk/2.2.0/src/rp2_common/hardware_watchdog/watchdog.c.obj
                0x10002464                watchdog_reboot
 .text.tick_start
                0x100024ac       0x10 CMakeFiles/kws_features.dir/C_/Users/Johnny_Vu/.pico-sdk/sdk/2.2.0/src/rp2_common/hardware_ticks/ticks.c.obj
                0x100024ac                tick_start
 .text.rom_func_lookup
                0x100024bc       0x10 CMakeFiles/kws_features.dir/C_/Users/Johnny_Vu/.pico-sdk/sdk/2.2.0/src/rp2_common/pico_bootrom/bootrom.c.obj
                0x100024bc                rom_func_lookup
 .text.rom_data_lookup
                0x100024cc       0x10 CMakeFiles/kws_features.dir/C_/Users/Johnny_Vu/.pico-sdk/sdk/2.2.0/src/rp2_common/pico_bootrom/bootrom.c.obj
                0x100024cc                rom_data_lookup
 .text.rom_funcs_lookup
                0x100024dc       0x36 CMakeFiles/kws_features.dir/C_/Users/Johnny_Vu/.pico-sdk/sdk/2.2.0/src/rp2_common/pico_bootrom/bootrom.c.obj
                0x100024dc                rom_funcs_lookup
 *fill*         0x10002512        0x2 
 .text.rom_reset_usb_boot_extra
                0x10002514       0x24 CMakeFiles/kws_features.dir/C_/Users/Johnny_Vu/.pico-sdk/sdk/2.2.0/src/rp2_common/pico_bootrom/bootrom.c.obj
                0x10002514                rom_reset_usb_boot_extra
 .text.xosc_init
                0x10002538       0x2c CMakeFiles/kws_features.dir/C_/Users/Johnny_Vu/.pico-sdk/sdk/2.2.0/src/rp2_common/hardware_xosc/xosc.c.obj
                0x10002538                xosc_init
 .text.runtime_run_initializers_from
                0x10002564       0x18 CMakeFiles/kws_features.dir/C_/Users/Johnny_Vu/.pico-sdk/sdk/2.2.0/src/rp2_common/pico_runtime/runtime.c.obj
 .text.first_per_core_initializer
                0x1000257c        0x2 CMakeFiles/kws_features.dir/C_/Users/Johnny_Vu/.pico-sdk/sdk/2.2.0/src/rp2_common/pico_runtime/runtime.c.obj
 *fill*         0x1000257e        0x2 
 .text.runtime_run_initializers
                0x10002580       0x10 CMakeFiles/kws_features.dir/C_/Users/Johnny_Vu/.pico-sdk/sdk/2.2.0/src/rp2_common/pico_runtime/runtime.c.obj
                0x10002580                runtime_run_initializers
 .text.runtime_init_early_resets
                0x10002590       0x2c CMakeFiles/kws_features.dir/C_/Users/Johnny_Vu/.pico-sdk/sdk/2.2.0/src/rp2_common/pico_runtime_init/runtime_init.c.obj
                0x10002590                runtime_init_early_resets
 .text.runtime_init_usb_power_down
                0x100025bc       0x1c CMakeFiles/kws_features.dir/C_/Users/Johnny_Vu/.pico-sdk/sdk/2.2.0/src/rp2_common/pico_runtime_init/runtime_init.c.obj
                0x100025bc                runtime_init_usb_power_down
 .text.runtime_init_post_clock_resets
                0x100025d8       0x20 CMakeFiles/kws_features.dir/C_/Users/Johnny_Vu/.pico-sdk/sdk/2.2.0/src/rp2_common/pico_runtime_init/runtime_init.c.obj
                0x100025d8                runtime_init_post_clock_resets
 .text.runtime_init_rp2040_gpio_ie_disable
                0x100025f8       0x14 CMakeFiles/kws_features.dir/C_/Users/Johnny_Vu/.pico-sdk/sdk/2.2.0/src/rp2_common/pico_runtime_init/runtime_init.c.obj
                0x100025f8                runtime_init_rp2040_gpio_ie_disable
 .text.runtime_init_spin_locks_reset
                0x1000260c        0x8 CMakeFiles/kws_features.dir/C_/Users/Johnny_Vu/.pico-sdk/sdk/2.2.0/src/rp2_common/pico_runtime_init/runtime_init.c.obj
                0x1000260c                runtime_init_spin_locks_reset
 .text.runtime_init_install_ram_vector_table
                0x10002614       0x48 CMakeFiles/kws_features.dir/C_/Users/Johnny_Vu/.pico-sdk/sdk/2.2.0/src/rp2_common/pico_runtime_init/runtime_init.c.obj
                0x10002614                runtime_init_install_ram_vector_table
 .text.start_all_ticks
                0x1000265c       0x28 CMakeFiles/kws_features.dir/8ec32942fbe16ef2867d0467419c12d5/src/rp2_common/pico_runtime_init/runtime_init_clocks.c.obj
 .text.runtime_init_clocks
                0x10002684       0xcc CMakeFiles/kws_features.dir/8ec32942fbe16ef2867d0467419c12d5/src/rp2_common/pico_runtime_init/runtime_init_clocks.c.obj
                0x10002684                runtime_init_clocks
 .text          0x10002750       0x10 CMakeFiles/kws_features.dir/C_/Users/Johnny_Vu/.pico-sdk/sdk/2.2.0/src/rp2_common/pico_bit_ops/bit_ops_aeabi.S.obj
 .text.__wrap___aeabi_idiv
                0x10002760       0x50 CMakeFiles/kws_features.dir/C_/Users/Johnny_Vu/.pico-sdk/sdk/2.2.0/src/rp2_common/pico_divider/divider_hardware.S.obj
                0x10002760                __wrap___aeabi_idivmod
                0x10002760                divmod_s32s32
                0x10002760                div_s32s32
                0x10002760                __wrap___aeabi_idiv
                0x10002768                divmod_s32s32_unsafe
                0x10002794                divmod_s32s32_savestate
 .text.__wrap___aeabi_uidiv
                0x100027b0       0x4c CMakeFiles/kws_features.dir/C_/Users/Johnny_Vu/.pico-sdk/sdk/2.2.0/src/rp2_common/pico_divider/divider_hardware.S.obj
                0x100027b0                __wrap___aeabi_uidiv
                0x100027b0                __wrap___aeabi_uidivmod
                0x100027b0                div_u32u32
                0x100027b0                divmod_u32u32
                0x100027b8                divmod_u32u32_unsafe
                0x100027e0                divmod_u32u32_savestate
 .text.__wrap___aeabi_ldiv
                0x100027fc      0x424 CMakeFiles/kws_features.dir/C_/Users/Johnny_Vu/.pico-sdk/sdk/2.2.0/src/rp2_common/pico_divider/divider_hardware.S.obj
                0x100027fc                div_s64s64
                0x100027fc                divmod_s64s64
                0x100027fc                __wrap___aeabi_ldivmod
                0x1000282c                divmod_u64u64
                0x1000282c                div_u64u64
                0x1000282c                __wrap___aeabi_uldivmod
                0x1000283c                divmod_u64u64_savestate
                0x1000285c                divmod_s64s64_unsafe
                0x100028e4                divmod_u64u64_unsafe
 .text.__wrap___aeabi_darithmetic
                0x10002c20       0x60 CMakeFiles/kws_features.dir/C_/Users/Johnny_Vu/.pico-sdk/sdk/2.2.0/src/rp2_common/pico_double/double_aeabi_rp2040.S.obj
                0x10002c20                __wrap___aeabi_drsub
                0x10002c26                __wrap___aeabi_dsub
                0x10002c30                __wrap___aeabi_dadd
                0x10002c3a                __wrap___aeabi_ddiv
                0x10002c6e                __wrap___aeabi_dmul
 .text.__wrap___aeabi_cdcmple
                0x10002c80       0x6c CMakeFiles/kws_features.dir/C_/Users/Johnny_Vu/.pico-sdk/sdk/2.2.0/src/rp2_common/pico_double/double_aeabi_rp2040.S.obj
                0x10002c80                __wrap___aeabi_cdrcmple
                0x10002c90                __wrap___aeabi_cdcmpeq
                0x10002c90                __wrap___aeabi_cdcmple
 .text.__wrap___aeabi_dcmplt
                0x10002cec        0xc CMakeFiles/kws_features.dir/C_/Users/Johnny_Vu/.pico-sdk/sdk/2.2.0/src/rp2_common/pico_double/double_aeabi_rp2040.S.obj
                0x10002cec                __wrap___aeabi_dcmplt
 .text.__wrap___aeabi_dcmple
                0x10002cf8       0x10 CMakeFiles/kws_features.dir/C_/Users/Johnny_Vu/.pico-sdk/sdk/2.2.0/src/rp2_common/pico_double/double_aeabi_rp2040.S.obj
                0x10002cf8                __wrap___aeabi_dcmple
 .text.__wrap___aeabi_dcmpge
                0x10002d08       0x10 CMakeFiles/kws_features.dir/C_/Users/Johnny_Vu/.pico-sdk/sdk/2.2.0/src/rp2_common/pico_double/double_aeabi_rp2040.S.obj
                0x10002d08                __wrap___aeabi_dcmpge
 .text.__wrap___aeabi_dcmpgt
                0x10002d18        0xa CMakeFiles/kws_features.dir/C_/Users/Johnny_Vu/.pico-sdk/sdk/2.2.0/src/rp2_common/pico_double/double_aeabi_rp2040.S.obj
                0x10002d18                __wrap___aeabi_dcmpgt
 .text.__wrap___aeabi_dcmpun
                0x10002d22       0x18 CMakeFiles/kws_features.dir/C_/Users/Johnny_Vu/.pico-sdk/sdk/2.2.0/src/rp2_common/pico_double/double_aeabi_rp2040.S.obj
                0x10002d22                __wrap___aeabi_dcmpun
 *fill*         0x10002d3a        0x2 
 .text.__wrap___aeabi_i2d
                0x10002d3c       0x38 CMakeFiles/kws_features.dir/C_/Users/Johnny_Vu/.pico-sdk/sdk/2.2.0/src/rp2_common/pico_double/double_aeabi_rp2040.S.obj
                0x10002d3c                uint2double
                0x10002d3c                __wrap___aeabi_ui2d
                0x10002d44                int2double
                0x10002d44                __wrap___aeabi_i2d
 .text.__wrap___aeabi_d2iz
                0x10002d74       0x48 CMakeFiles/kws_features.dir/C_/Users/Johnny_Vu/.pico-sdk/sdk/2.2.0/src/rp2_common/pico_double/double_aeabi_rp2040.S.obj
                0x10002d74                double2int_z
                0x10002d74                __wrap___aeabi_d2iz
 .text.__wrap___aeabi_d2uiz
                0x10002dbc       0x10 CMakeFiles/kws_features.dir/C_/Users/Johnny_Vu/.pico-sdk/sdk/2.2.0/src/rp2_common/pico_double/double_aeabi_rp2040.S.obj
                0x10002dbc                double2uint
                0x10002dbc                __wrap___aeabi_d2uiz
                0x10002dbc                double2uint_z
 .text.__wrap___aeabi_d2f
                0x10002dcc       0x10 CMakeFiles/kws_features.dir/C_/Users/Johnny_Vu/.pico-sdk/sdk/2.2.0/src/rp2_common/pico_double/double_aeabi_rp2040.S.obj
                0x10002dcc                __wrap___aeabi_d2f
 .text.__wrap_exp
                0x10002ddc       0x10 CMakeFiles/kws_features.dir/C_/Users/Johnny_Vu/.pico-sdk/sdk/2.2.0/src/rp2_common/pico_double/double_aeabi_rp2040.S.obj
                0x10002ddc                __wrap_exp
 .text.__wrap_log
                0x10002dec       0x10 CMakeFiles/kws_features.dir/C_/Users/Johnny_Vu/.pico-sdk/sdk/2.2.0/src/rp2_common/pico_double/double_aeabi_rp2040.S.obj
                0x10002dec                __wrap_log
 .text.missing_double_func_shim
                0x10002dfc        0xc CMakeFiles/kws_features.dir/8ec32942fbe16ef2867d0467419c12d5/src/rp2_common/pico_double/double_init_rom_rp2040.c.obj
 .text.__aeabi_double_init
                0x10002e08       0xd0 CMakeFiles/kws_features.dir/8ec32942fbe16ef2867d0467419c12d5/src/rp2_common/pico_double/double_init_rom_rp2040.c.obj
                0x10002e08                __aeabi_double_init
 .text.double_table_shim_on_use_helper
                0x10002ed8       0x34 CMakeFiles/kws_features.dir/8ec32942fbe16ef2867d0467419c12d5/src/rp2_common/pico_double/double_v1_rom_shim_rp2040.S.obj
                0x10002ed8                double_table_shim_on_use_helper
 .text.__aeabi_lmul
                0x10002f0c       0x32 CMakeFiles/kws_features.dir/8ec32942fbe16ef2867d0467419c12d5/src/rp2_common/pico_int64_ops/pico_int64_ops_aeabi.S.obj
                0x10002f0c                __wrap___aeabi_lmul
 *fill*         0x10002f3e        0x2 
 .text.__wrap___aeabi_farithmetic
                0x10002f40       0x48 CMakeFiles/kws_features.dir/C_/Users/Johnny_Vu/.pico-sdk/sdk/2.2.0/src/rp2_common/pico_float/float_aeabi_rp2040.S.obj
                0x10002f40                __wrap___aeabi_frsub
                0x10002f46                __wrap___aeabi_fsub
                0x10002f4c                __wrap___aeabi_fadd
                0x10002f52                __wrap___aeabi_fdiv
                0x10002f7a                __wrap___aeabi_fmul
 .text.__wrap___aeabi_cfcmple
                0x10002f88       0x50 CMakeFiles/kws_features.dir/C_/Users/Johnny_Vu/.pico-sdk/sdk/2.2.0/src/rp2_common/pico_float/float_aeabi_rp2040.S.obj
                0x10002f88                __wrap___aeabi_cfrcmple
                0x10002f94                __wrap___aeabi_cfcmple
                0x10002f94                __wrap___aeabi_cfcmpeq
 .text.__wrap___aeabi_fcmpeq
                0x10002fd8       0x10 CMakeFiles/kws_features.dir/C_/Users/Johnny_Vu/.pico-sdk/sdk/2.2.0/src/rp2_common/pico_float/float_aeabi_rp2040.S.obj
                0x10002fd8                __wrap___aeabi_fcmpeq
 .text.__wrap___aeabi_fcmplt
                0x10002fe8        0xc CMakeFiles/kws_features.dir/C_/Users/Johnny_Vu/.pico-sdk/sdk/2.2.0/src/rp2_common/pico_float/float_aeabi_rp2040.S.obj
                0x10002fe8                __wrap___aeabi_fcmplt
 .text.__wrap___aeabi_fcmple
                0x10002ff4       0x10 CMakeFiles/kws_features.dir/C_/Users/Johnny_Vu/.pico-sdk/sdk/2.2.0/src/rp2_common/pico_float/float_aeabi_rp2040.S.obj
                0x10002ff4                __wrap___aeabi_fcmple
 .text.__wrap___aeabi_fcmpge
                0x10003004       0x10 CMakeFiles/kws_features.dir/C_/Users/Johnny_Vu/.pico-sdk/sdk/2.2.0/src/rp2_common/pico_float/float_aeabi_rp2040.S.obj
                0x10003004                __wrap___aeabi_fcmpge
 .text.__wrap___aeabi_fcmpgt
                0x10003014        0xa CMakeFiles/kws_features.dir/C_/Users/Johnny_Vu/.pico-sdk/sdk/2.2.0/src/rp2_common/pico_float/float_aeabi_rp2040.S.obj
                0x10003014                __wrap___aeabi_fcmpgt
 *fill*         0x1000301e        0x2 
 .text.__wrap___aeabi_i2f
                0x10003020       0x44 CMakeFiles/kws_features.dir/C_/Users/Johnny_Vu/.pico-sdk/sdk/2.2.0/src/rp2_common/pico_float/float_aeabi_rp2040.S.obj
                0x10003020                __wrap___aeabi_i2f
                0x10003020                int2float
 .text.__wrap___aeabi_f2iz
                0x10003064       0x4e CMakeFiles/kws_features.dir/C_/Users/Johnny_Vu/.pico-sdk/sdk/2.2.0/src/rp2_common/pico_float/float_aeabi_rp2040.S.obj
                0x10003064                float2int_z
                0x10003064                __wrap___aeabi_f2iz
 *fill*         0x100030b2        0x2 
 .text.float2int
                0x100030b4        0xc CMakeFiles/kws_features.dir/C_/Users/Johnny_Vu/.pico-sdk/sdk/2.2.0/src/rp2_common/pico_float/float_aeabi_rp2040.S.obj
                0x100030b4                float2int
 .text.__wrap___aeabi_f2uiz
                0x100030c0        0xc CMakeFiles/kws_features.dir/C_/Users/Johnny_Vu/.pico-sdk/sdk/2.2.0/src/rp2_common/pico_float/float_aeabi_rp2040.S.obj
                0x100030c0                float2uint_z
                0x100030c0                __wrap___aeabi_f2uiz
                0x100030c0                float2uint
 .text.fix2float
                0x100030cc        0xc CMakeFiles/kws_features.dir/C_/Users/Johnny_Vu/.pico-sdk/sdk/2.2.0/src/rp2_common/pico_float/float_aeabi_rp2040.S.obj
                0x100030cc                fix2float
 .text.__wrap___aeabi_f2d
                0x100030d8        0xc CMakeFiles/kws_features.dir/C_/Users/Johnny_Vu/.pico-sdk/sdk/2.2.0/src/rp2_common/pico_float/float_aeabi_rp2040.S.obj
                0x100030d8                __wrap___aeabi_f2d
 .text.__wrap_sqrtf
                0x100030e4        0xc CMakeFiles/kws_features.dir/C_/Users/Johnny_Vu/.pico-sdk/sdk/2.2.0/src/rp2_common/pico_float/float_aeabi_rp2040.S.obj
                0x100030e4                __wrap_sqrtf
 .text.__wrap_cosf
                0x100030f0       0x24 CMakeFiles/kws_features.dir/C_/Users/Johnny_Vu/.pico-sdk/sdk/2.2.0/src/rp2_common/pico_float/float_aeabi_rp2040.S.obj
                0x100030f0                __wrap_cosf
 .text.__wrap_sinf
                0x10003114       0x24 CMakeFiles/kws_features.dir/C_/Users/Johnny_Vu/.pico-sdk/sdk/2.2.0/src/rp2_common/pico_float/float_aeabi_rp2040.S.obj
                0x10003114                __wrap_sinf
 .text.__wrap_logf
                0x10003138        0xc CMakeFiles/kws_features.dir/C_/Users/Johnny_Vu/.pico-sdk/sdk/2.2.0/src/rp2_common/pico_float/float_aeabi_rp2040.S.obj
                0x10003138                __wrap_logf
 .text.missing_float_func_shim
                0x10003144        0xc CMakeFiles/kws_features.dir/8ec32942fbe16ef2867d0467419c12d5/src/rp2_common/pico_float/float_init_rom_rp2040.c.obj
 .text.__aeabi_float_init
                0x10003150       0x88 CMakeFiles/kws_features.dir/8ec32942fbe16ef2867d0467419c12d5/src/rp2_common/pico_float/float_init_rom_rp2040.c.obj
                0x10003150                __aeabi_float_init
 .text.fisint   0x100031d8       0x38 CMakeFiles/kws_features.dir/C_/Users/Johnny_Vu/.pico-sdk/sdk/2.2.0/src/rp2_common/pico_float/float_math.c.obj
 .text.fisoddint
                0x10003210       0x36 CMakeFiles/kws_features.dir/C_/Users/Johnny_Vu/.pico-sdk/sdk/2.2.0/src/rp2_common/pico_float/float_math.c.obj
 .text.fispo2   0x10003246       0x20 CMakeFiles/kws_features.dir/C_/Users/Johnny_Vu/.pico-sdk/sdk/2.2.0/src/rp2_common/pico_float/float_math.c.obj
 .text.fpow_int2
                0x10003266       0x26 CMakeFiles/kws_features.dir/C_/Users/Johnny_Vu/.pico-sdk/sdk/2.2.0/src/rp2_common/pico_float/float_math.c.obj
 .text.fpowint_1
                0x1000328c       0x1c CMakeFiles/kws_features.dir/C_/Users/Johnny_Vu/.pico-sdk/sdk/2.2.0/src/rp2_common/pico_float/float_math.c.obj
 .text.frem_0   0x100032a8       0x7c CMakeFiles/kws_features.dir/C_/Users/Johnny_Vu/.pico-sdk/sdk/2.2.0/src/rp2_common/pico_float/float_math.c.obj
 .text.fpow_1   0x10003324       0x2c CMakeFiles/kws_features.dir/C_/Users/Johnny_Vu/.pico-sdk/sdk/2.2.0/src/rp2_common/pico_float/float_math.c.obj
 .text.fpow_0   0x10003350       0xb0 CMakeFiles/kws_features.dir/C_/Users/Johnny_Vu/.pico-sdk/sdk/2.2.0/src/rp2_common/pico_float/float_math.c.obj
 .text.__wrap_floorf
                0x10003400       0x44 CMakeFiles/kws_features.dir/C_/Users/Johnny_Vu/.pico-sdk/sdk/2.2.0/src/rp2_common/pico_float/float_math.c.obj
                0x10003400                __wrap_floorf
 .text.__wrap_log10f
                0x10003444       0x14 CMakeFiles/kws_features.dir/C_/Users/Johnny_Vu/.pico-sdk/sdk/2.2.0/src/rp2_common/pico_float/float_math.c.obj
                0x10003444                __wrap_log10f
 .text.__wrap_powf
                0x10003458      0x120 CMakeFiles/kws_features.dir/C_/Users/Johnny_Vu/.pico-sdk/sdk/2.2.0/src/rp2_common/pico_float/float_math.c.obj
                0x10003458                __wrap_powf
 .text.__wrap_remquof
                0x10003578       0xda CMakeFiles/kws_features.dir/C_/Users/Johnny_Vu/.pico-sdk/sdk/2.2.0/src/rp2_common/pico_float/float_math.c.obj
                0x10003578                __wrap_remquof
 .text.__wrap_remainderf
                0x10003652        0xa CMakeFiles/kws_features.dir/C_/Users/Johnny_Vu/.pico-sdk/sdk/2.2.0/src/rp2_common/pico_float/float_math.c.obj
                0x10003652                __wrap_remainderf
 .text          0x1000365c       0x10 CMakeFiles/kws_features.dir/C_/Users/Johnny_Vu/.pico-sdk/sdk/2.2.0/src/rp2_common/pico_mem_ops/mem_ops_aeabi.S.obj
                0x1000365c                __aeabi_mem_init
 .text.memset   0x1000366c        0xc CMakeFiles/kws_features.dir/C_/Users/Johnny_Vu/.pico-sdk/sdk/2.2.0/src/rp2_common/pico_mem_ops/mem_ops_aeabi.S.obj
                0x1000366c                __wrap_memset
 .text.memcpy   0x10003678        0xc CMakeFiles/kws_features.dir/C_/Users/Johnny_Vu/.pico-sdk/sdk/2.2.0/src/rp2_common/pico_mem_ops/mem_ops_aeabi.S.obj
                0x10003678                __wrap_memcpy
                0x10003678                __wrap___aeabi_memcpy
 .text._out_null
                0x10003684        0x2 CMakeFiles/kws_features.dir/C_/Users/Johnny_Vu/.pico-sdk/sdk/2.2.0/src/rp2_common/pico_printf/printf.c.obj
 .text._out_fct
                0x10003686        0xe CMakeFiles/kws_features.dir/C_/Users/Johnny_Vu/.pico-sdk/sdk/2.2.0/src/rp2_common/pico_printf/printf.c.obj
 .text._atoi    0x10003694       0x24 CMakeFiles/kws_features.dir/C_/Users/Johnny_Vu/.pico-sdk/sdk/2.2.0/src/rp2_common/pico_printf/printf.c.obj
 .text._out_rev
                0x100036b8       0xb0 CMakeFiles/kws_features.dir/C_/Users/Johnny_Vu/.pico-sdk/sdk/2.2.0/src/rp2_common/pico_printf/printf.c.obj
 .text._ntoa_format
                0x10003768      0x10e CMakeFiles/kws_features.dir/C_/Users/Johnny_Vu/.pico-sdk/sdk/2.2.0/src/rp2_common/pico_printf/printf.c.obj
 .text._ntoa_long
                0x10003876       0xbc CMakeFiles/kws_features.dir/C_/Users/Johnny_Vu/.pico-sdk/sdk/2.2.0/src/rp2_common/pico_printf/printf.c.obj
 .text._ntoa_long_long
                0x10003932      0x10e CMakeFiles/kws_features.dir/C_/Users/Johnny_Vu/.pico-sdk/sdk/2.2.0/src/rp2_common/pico_printf/printf.c.obj
 .text._etoa    0x10003a40      0x424 CMakeFiles/kws_features.dir/C_/Users/Johnny_Vu/.pico-sdk/sdk/2.2.0/src/rp2_common/pico_printf/printf.c.obj
 .text._ftoa    0x10003e64      0x348 CMakeFiles/kws_features.dir/C_/Users/Johnny_Vu/.pico-sdk/sdk/2.2.0/src/rp2_common/pico_printf/printf.c.obj
 .text._vsnprintf
                0x100041ac      0x6a4 CMakeFiles/kws_features.dir/C_/Users/Johnny_Vu/.pico-sdk/sdk/2.2.0/src/rp2_common/pico_printf/printf.c.obj
 .text.vfctprintf
                0x10004850       0x24 CMakeFiles/kws_features.dir/C_/Users/Johnny_Vu/.pico-sdk/sdk/2.2.0/src/rp2_common/pico_printf/printf.c.obj
                0x10004850                vfctprintf
 .text._exit    0x10004874        0x4 CMakeFiles/kws_features.dir/8ec32942fbe16ef2867d0467419c12d5/src/rp2_common/pico_clib_interface/newlib_interface.c.obj
                0x10004874                _exit
 .text.exit     0x10004878        0x6 CMakeFiles/kws_features.dir/8ec32942fbe16ef2867d0467419c12d5/src/rp2_common/pico_clib_interface/newlib_interface.c.obj
                0x10004878                exit
 *fill*         0x1000487e        0x2 
 .text.__assert_func
                0x10004880       0x38 CMakeFiles/kws_features.dir/8ec32942fbe16ef2867d0467419c12d5/src/rp2_common/pico_clib_interface/newlib_interface.c.obj
                0x10004880                __assert_func
 .text.runtime_init
                0x100048b8       0x28 CMakeFiles/kws_features.dir/8ec32942fbe16ef2867d0467419c12d5/src/rp2_common/pico_clib_interface/newlib_interface.c.obj
                0x100048b8                runtime_init
 .text.stdio_out_chars_no_crlf
                0x100048e0        0xe CMakeFiles/kws_features.dir/C_/Users/Johnny_Vu/.pico-sdk/sdk/2.2.0/src/rp2_common/pico_stdio/stdio.c.obj
 *fill*         0x100048ee        0x2 
 .text.stdio_out_chars_crlf
                0x100048f0       0x80 CMakeFiles/kws_features.dir/C_/Users/Johnny_Vu/.pico-sdk/sdk/2.2.0/src/rp2_common/pico_stdio/stdio.c.obj
 .text.stdio_stack_buffer_flush
                0x10004970       0x44 CMakeFiles/kws_features.dir/C_/Users/Johnny_Vu/.pico-sdk/sdk/2.2.0/src/rp2_common/pico_stdio/stdio.c.obj
 .text.stdio_buffered_printer
                0x100049b4       0x20 CMakeFiles/kws_features.dir/C_/Users/Johnny_Vu/.pico-sdk/sdk/2.2.0/src/rp2_common/pico_stdio/stdio.c.obj
 .text.stdout_serialize_begin
                0x100049d4       0x30 CMakeFiles/kws_features.dir/C_/Users/Johnny_Vu/.pico-sdk/sdk/2.2.0/src/rp2_common/pico_stdio/stdio.c.obj
                0x100049d4                stdout_serialize_begin
 .text.stdout_serialize_end
                0x10004a04       0x10 CMakeFiles/kws_features.dir/C_/Users/Johnny_Vu/.pico-sdk/sdk/2.2.0/src/rp2_common/pico_stdio/stdio.c.obj
                0x10004a04                stdout_serialize_end
 .text.stdio_put_string
                0x10004a14       0x94 CMakeFiles/kws_features.dir/C_/Users/Johnny_Vu/.pico-sdk/sdk/2.2.0/src/rp2_common/pico_stdio/stdio.c.obj
                0x10004a14                stdio_put_string
 .text.stdio_get_until
                0x10004aa8       0x74 CMakeFiles/kws_features.dir/C_/Users/Johnny_Vu/.pico-sdk/sdk/2.2.0/src/rp2_common/pico_stdio/stdio.c.obj
                0x10004aa8                stdio_get_until
 .text.stdio_set_driver_enabled
                0x10004b1c       0x30 CMakeFiles/kws_features.dir/C_/Users/Johnny_Vu/.pico-sdk/sdk/2.2.0/src/rp2_common/pico_stdio/stdio.c.obj
                0x10004b1c                stdio_set_driver_enabled
 .text.stdio_flush
                0x10004b4c       0x20 CMakeFiles/kws_features.dir/C_/Users/Johnny_Vu/.pico-sdk/sdk/2.2.0/src/rp2_common/pico_stdio/stdio.c.obj
                0x10004b4c                stdio_flush
 .text.stdio_init_all
                0x10004b6c        0x8 CMakeFiles/kws_features.dir/C_/Users/Johnny_Vu/.pico-sdk/sdk/2.2.0/src/rp2_common/pico_stdio/stdio.c.obj
                0x10004b6c                stdio_init_all
 .text.stdio_getchar_timeout_us
                0x10004b74       0x54 CMakeFiles/kws_features.dir/C_/Users/Johnny_Vu/.pico-sdk/sdk/2.2.0/src/rp2_common/pico_stdio/stdio.c.obj
                0x10004b74                stdio_getchar_timeout_us
 .text.__wrap_puts
                0x10004bc8       0x1e CMakeFiles/kws_features.dir/C_/Users/Johnny_Vu/.pico-sdk/sdk/2.2.0/src/rp2_common/pico_stdio/stdio.c.obj
                0x10004bc8                stdio_puts
                0x10004bc8                __wrap_puts
 *fill*         0x10004be6        0x2 
 .text.__wrap_vprintf
                0x10004be8       0x40 CMakeFiles/kws_features.dir/C_/Users/Johnny_Vu/.pico-sdk/sdk/2.2.0/src/rp2_common/pico_stdio/stdio.c.obj
                0x10004be8                stdio_vprintf
                0x10004be8                __wrap_vprintf
 .text.__wrap_printf
                0x10004c28       0x18 CMakeFiles/kws_features.dir/C_/Users/Johnny_Vu/.pico-sdk/sdk/2.2.0/src/rp2_common/pico_stdio/stdio.c.obj
                0x10004c28                __wrap_printf
                0x10004c28                stdio_printf
 .text.resetd_init
                0x10004c40        0x2 CMakeFiles/kws_features.dir/C_/Users/Johnny_Vu/.pico-sdk/sdk/2.2.0/src/rp2_common/pico_stdio_usb/reset_interface.c.obj
 *fill*         0x10004c42        0x2 
 .text.resetd_reset
                0x10004c44        0xc CMakeFiles/kws_features.dir/C_/Users/Johnny_Vu/.pico-sdk/sdk/2.2.0/src/rp2_common/pico_stdio_usb/reset_interface.c.obj
 .text.resetd_open
                0x10004c50       0x34 CMakeFiles/kws_features.dir/C_/Users/Johnny_Vu/.pico-sdk/sdk/2.2.0/src/rp2_common/pico_stdio_usb/reset_interface.c.obj
 .text.resetd_xfer_cb
                0x10004c84        0x4 CMakeFiles/kws_features.dir/C_/Users/Johnny_Vu/.pico-sdk/sdk/2.2.0/src/rp2_common/pico_stdio_usb/reset_interface.c.obj
 .text.resetd_control_xfer_cb
                0x10004c88       0x60 CMakeFiles/kws_features.dir/C_/Users/Johnny_Vu/.pico-sdk/sdk/2.2.0/src/rp2_common/pico_stdio_usb/reset_interface.c.obj
 .text.tud_descriptor_bos_cb
                0x10004ce8        0x8 CMakeFiles/kws_features.dir/C_/Users/Johnny_Vu/.pico-sdk/sdk/2.2.0/src/rp2_common/pico_stdio_usb/reset_interface.c.obj
                0x10004ce8                tud_descriptor_bos_cb
 .text.tud_vendor_control_xfer_cb
                0x10004cf0       0x38 CMakeFiles/kws_features.dir/C_/Users/Johnny_Vu/.pico-sdk/sdk/2.2.0/src/rp2_common/pico_stdio_usb/reset_interface.c.obj
                0x10004cf0                tud_vendor_control_xfer_cb
 .text.usbd_app_driver_get_cb
                0x10004d28        0xc CMakeFiles/kws_features.dir/C_/Users/Johnny_Vu/.pico-sdk/sdk/2.2.0/src/rp2_common/pico_stdio_usb/reset_interface.c.obj
                0x10004d28                usbd_app_driver_get_cb
 .text.tud_cdc_line_coding_cb
                0x10004d34       0x2c CMakeFiles/kws_features.dir/C_/Users/Johnny_Vu/.pico-sdk/sdk/2.2.0/src/rp2_common/pico_stdio_usb/reset_interface.c.obj
                0x10004d34                tud_cdc_line_coding_cb
 .text.stdio_usb_set_chars_available_callback
                0x10004d60       0x14 CMakeFiles/kws_features.dir/C_/Users/Johnny_Vu/.pico-sdk/sdk/2.2.0/src/rp2_common/pico_stdio_usb/stdio_usb.c.obj
                0x10004d60                stdio_usb_set_chars_available_callback
 .text.stdio_usb_out_flush
                0x10004d74       0x4c CMakeFiles/kws_features.dir/C_/Users/Johnny_Vu/.pico-sdk/sdk/2.2.0/src/rp2_common/pico_stdio_usb/stdio_usb.c.obj
 .text.usb_irq  0x10004dc0       0x10 CMakeFiles/kws_features.dir/C_/Users/Johnny_Vu/.pico-sdk/sdk/2.2.0/src/rp2_common/pico_stdio_usb/stdio_usb.c.obj
 .text.timer_task
                0x10004dd0       0x6c CMakeFiles/kws_features.dir/C_/Users/Johnny_Vu/.pico-sdk/sdk/2.2.0/src/rp2_common/pico_stdio_usb/stdio_usb.c.obj
 .text.alarm_pool_add_alarm_in_us
                0x10004e3c       0x40 CMakeFiles/kws_features.dir/C_/Users/Johnny_Vu/.pico-sdk/sdk/2.2.0/src/rp2_common/pico_stdio_usb/stdio_usb.c.obj
 .text.add_alarm_in_us
                0x10004e7c       0x2e CMakeFiles/kws_features.dir/C_/Users/Johnny_Vu/.pico-sdk/sdk/2.2.0/src/rp2_common/pico_stdio_usb/stdio_usb.c.obj
 *fill*         0x10004eaa        0x2 
 .text.low_priority_worker_irq
                0x10004eac       0xa8 CMakeFiles/kws_features.dir/C_/Users/Johnny_Vu/.pico-sdk/sdk/2.2.0/src/rp2_common/pico_stdio_usb/stdio_usb.c.obj
 .text.stdio_usb_init
                0x10004f54       0xe0 CMakeFiles/kws_features.dir/C_/Users/Johnny_Vu/.pico-sdk/sdk/2.2.0/src/rp2_common/pico_stdio_usb/stdio_usb.c.obj
                0x10004f54                stdio_usb_init
 .text.stdio_usb_connected
                0x10005034        0xa CMakeFiles/kws_features.dir/C_/Users/Johnny_Vu/.pico-sdk/sdk/2.2.0/src/rp2_common/pico_stdio_usb/stdio_usb.c.obj
                0x10005034                stdio_usb_connected
 *fill*         0x1000503e        0x2 
 .text.stdio_usb_in_chars
                0x10005040       0x98 CMakeFiles/kws_features.dir/C_/Users/Johnny_Vu/.pico-sdk/sdk/2.2.0/src/rp2_common/pico_stdio_usb/stdio_usb.c.obj
                0x10005040                stdio_usb_in_chars
 .text.stdio_usb_out_chars
                0x100050d8       0xe8 CMakeFiles/kws_features.dir/C_/Users/Johnny_Vu/.pico-sdk/sdk/2.2.0/src/rp2_common/pico_stdio_usb/stdio_usb.c.obj
 .text.tud_descriptor_device_cb
                0x100051c0        0x8 CMakeFiles/kws_features.dir/8ec32942fbe16ef2867d0467419c12d5/src/rp2_common/pico_stdio_usb/stdio_usb_descriptors.c.obj
                0x100051c0                tud_descriptor_device_cb
 .text.tud_descriptor_configuration_cb
                0x100051c8        0x8 CMakeFiles/kws_features.dir/8ec32942fbe16ef2867d0467419c12d5/src/rp2_common/pico_stdio_usb/stdio_usb_descriptors.c.obj
                0x100051c8                tud_descriptor_configuration_cb
 .text.tud_descriptor_string_cb
                0x100051d0       0x6c CMakeFiles/kws_features.dir/8ec32942fbe16ef2867d0467419c12d5/src/rp2_common/pico_stdio_usb/stdio_usb_descriptors.c.obj
                0x100051d0                tud_descriptor_string_cb
 .text._retrieve_unique_id_on_boot
                0x1000523c       0x10 CMakeFiles/kws_features.dir/C_/Users/Johnny_Vu/.pico-sdk/sdk/2.2.0/src/rp2_common/pico_unique_id/unique_id.c.obj
 .text.pico_get_unique_board_id_string
                0x1000524c       0x58 CMakeFiles/kws_features.dir/C_/Users/Johnny_Vu/.pico-sdk/sdk/2.2.0/src/rp2_common/pico_unique_id/unique_id.c.obj
                0x1000524c                pico_get_unique_board_id_string
 .text.flash_get_unique_id
                0x100052a4       0x40 CMakeFiles/kws_features.dir/C_/Users/Johnny_Vu/.pico-sdk/sdk/2.2.0/src/rp2_common/hardware_flash/flash.c.obj
                0x100052a4                flash_get_unique_id
 .text.hw_endpoint_init
                0x100052e4       0xc0 CMakeFiles/kws_features.dir/2e0c514f07f21f70c6f234dfd0a0781e/tinyusb/src/portable/raspberrypi/rp2040/dcd_rp2040.c.obj
 .text.hw_endpoint_alloc
                0x100053a4       0x48 CMakeFiles/kws_features.dir/2e0c514f07f21f70c6f234dfd0a0781e/tinyusb/src/portable/raspberrypi/rp2040/dcd_rp2040.c.obj
 .text.hw_endpoint_open
                0x100053ec       0x50 CMakeFiles/kws_features.dir/2e0c514f07f21f70c6f234dfd0a0781e/tinyusb/src/portable/raspberrypi/rp2040/dcd_rp2040.c.obj
 .text.hw_endpoint_xfer
                0x1000543c       0x20 CMakeFiles/kws_features.dir/2e0c514f07f21f70c6f234dfd0a0781e/tinyusb/src/portable/raspberrypi/rp2040/dcd_rp2040.c.obj
 .text.dcd_int_enable
                0x1000545c       0x2c CMakeFiles/kws_features.dir/2e0c514f07f21f70c6f234dfd0a0781e/tinyusb/src/portable/raspberrypi/rp2040/dcd_rp2040.c.obj
                0x1000545c                dcd_int_enable
 .text.dcd_set_address
                0x10005488       0x2c CMakeFiles/kws_features.dir/2e0c514f07f21f70c6f234dfd0a0781e/tinyusb/src/portable/raspberrypi/rp2040/dcd_rp2040.c.obj
                0x10005488                dcd_set_address
 .text.dcd_connect
                0x100054b4       0x10 CMakeFiles/kws_features.dir/2e0c514f07f21f70c6f234dfd0a0781e/tinyusb/src/portable/raspberrypi/rp2040/dcd_rp2040.c.obj
                0x100054b4                dcd_connect
 .text.dcd_init
                0x100054c4       0x80 CMakeFiles/kws_features.dir/2e0c514f07f21f70c6f234dfd0a0781e/tinyusb/src/portable/raspberrypi/rp2040/dcd_rp2040.c.obj
                0x100054c4                dcd_init
 .text.dcd_sof_enable
                0x10005544       0x1c CMakeFiles/kws_features.dir/2e0c514f07f21f70c6f234dfd0a0781e/tinyusb/src/portable/raspberrypi/rp2040/dcd_rp2040.c.obj
                0x10005544                dcd_sof_enable
 .text.dcd_edpt0_status_complete
                0x10005560       0x1c CMakeFiles/kws_features.dir/2e0c514f07f21f70c6f234dfd0a0781e/tinyusb/src/portable/raspberrypi/rp2040/dcd_rp2040.c.obj
                0x10005560                dcd_edpt0_status_complete
 .text.dcd_edpt_open
                0x1000557c       0x26 CMakeFiles/kws_features.dir/2e0c514f07f21f70c6f234dfd0a0781e/tinyusb/src/portable/raspberrypi/rp2040/dcd_rp2040.c.obj
                0x1000557c                dcd_edpt_open
 .text.dcd_edpt_close_all
                0x100055a2        0x8 CMakeFiles/kws_features.dir/2e0c514f07f21f70c6f234dfd0a0781e/tinyusb/src/portable/raspberrypi/rp2040/dcd_rp2040.c.obj
                0x100055a2                dcd_edpt_close_all
 *fill*         0x100055aa        0x2 
 .text.dcd_edpt_xfer
                0x100055ac       0x30 CMakeFiles/kws_features.dir/2e0c514f07f21f70c6f234dfd0a0781e/tinyusb/src/portable/raspberrypi/rp2040/dcd_rp2040.c.obj
                0x100055ac                dcd_edpt_xfer
 .text.dcd_edpt_stall
                0x100055dc       0x3c CMakeFiles/kws_features.dir/2e0c514f07f21f70c6f234dfd0a0781e/tinyusb/src/portable/raspberrypi/rp2040/dcd_rp2040.c.obj
                0x100055dc                dcd_edpt_stall
 .text.dcd_edpt_clear_stall
                0x10005618       0x30 CMakeFiles/kws_features.dir/2e0c514f07f21f70c6f234dfd0a0781e/tinyusb/src/portable/raspberrypi/rp2040/dcd_rp2040.c.obj
                0x10005618                dcd_edpt_clear_stall
 .text.unaligned_memcpy
                0x10005648       0x14 CMakeFiles/kws_features.dir/2e0c514f07f21f70c6f234dfd0a0781e/tinyusb/src/portable/raspberrypi/rp2040/rp2040_usb.c.obj
 .text.rp2040_usb_init
                0x1000565c       0x44 CMakeFiles/kws_features.dir/2e0c514f07f21f70c6f234dfd0a0781e/tinyusb/src/portable/raspberrypi/rp2040/rp2040_usb.c.obj
                0x1000565c                rp2040_usb_init
 .text.hw_endpoint_xfer_start
                0x100056a0       0x60 CMakeFiles/kws_features.dir/2e0c514f07f21f70c6f234dfd0a0781e/tinyusb/src/portable/raspberrypi/rp2040/rp2040_usb.c.obj
                0x100056a0                hw_endpoint_xfer_start
 .text.configuration_reset
                0x10005700       0x84 CMakeFiles/kws_features.dir/C_/Users/Johnny_Vu/.pico-sdk/sdk/2.2.0/lib/tinyusb/src/device/usbd.c.obj
 .text.usbd_reset
                0x10005784        0xc CMakeFiles/kws_features.dir/C_/Users/Johnny_Vu/.pico-sdk/sdk/2.2.0/lib/tinyusb/src/device/usbd.c.obj
 .text.invoke_class_control
                0x10005790       0x1a CMakeFiles/kws_features.dir/C_/Users/Johnny_Vu/.pico-sdk/sdk/2.2.0/lib/tinyusb/src/device/usbd.c.obj
 *fill*         0x100057aa        0x2 
 .text.process_set_config
                0x100057ac      0x1b0 CMakeFiles/kws_features.dir/C_/Users/Johnny_Vu/.pico-sdk/sdk/2.2.0/lib/tinyusb/src/device/usbd.c.obj
 .text.tud_event_hook_cb
                0x1000595c        0x2 CMakeFiles/kws_features.dir/C_/Users/Johnny_Vu/.pico-sdk/sdk/2.2.0/lib/tinyusb/src/device/usbd.c.obj
                0x1000595c                tud_event_hook_cb
 .text.tud_sof_cb
                0x1000595e        0x2 CMakeFiles/kws_features.dir/C_/Users/Johnny_Vu/.pico-sdk/sdk/2.2.0/lib/tinyusb/src/device/usbd.c.obj
                0x1000595e                tud_sof_cb
 .text.tud_descriptor_device_qualifier_cb
                0x10005960        0x4 CMakeFiles/kws_features.dir/C_/Users/Johnny_Vu/.pico-sdk/sdk/2.2.0/lib/tinyusb/src/device/usbd.c.obj
                0x10005960                tud_descriptor_device_qualifier_cb
 .text.tud_descriptor_other_speed_configuration_cb
                0x10005964        0x4 CMakeFiles/kws_features.dir/C_/Users/Johnny_Vu/.pico-sdk/sdk/2.2.0/lib/tinyusb/src/device/usbd.c.obj
                0x10005964                tud_descriptor_other_speed_configuration_cb
 .text.process_get_descriptor
                0x10005968       0xe0 CMakeFiles/kws_features.dir/C_/Users/Johnny_Vu/.pico-sdk/sdk/2.2.0/lib/tinyusb/src/device/usbd.c.obj
 .text.tud_mount_cb
                0x10005a48        0x2 CMakeFiles/kws_features.dir/C_/Users/Johnny_Vu/.pico-sdk/sdk/2.2.0/lib/tinyusb/src/device/usbd.c.obj
                0x10005a48                tud_mount_cb
 .text.tud_umount_cb
                0x10005a4a        0x2 CMakeFiles/kws_features.dir/C_/Users/Johnny_Vu/.pico-sdk/sdk/2.2.0/lib/tinyusb/src/device/usbd.c.obj
                0x10005a4a                tud_umount_cb
 .text.tud_suspend_cb
                0x10005a4c        0x2 CMakeFiles/kws_features.dir/C_/Users/Johnny_Vu/.pico-sdk/sdk/2.2.0/lib/tinyusb/src/device/usbd.c.obj
                0x10005a4c                tud_suspend_cb
 .text.tud_resume_cb
                0x10005a4e        0x2 CMakeFiles/kws_features.dir/C_/Users/Johnny_Vu/.pico-sdk/sdk/2.2.0/lib/tinyusb/src/device/usbd.c.obj
                0x10005a4e                tud_resume_cb
 .text.tud_mounted
                0x10005a50       0x10 CMakeFiles/kws_features.dir/C_/Users/Johnny_Vu/.pico-sdk/sdk/2.2.0/lib/tinyusb/src/device/usbd.c.obj
                0x10005a50                tud_mounted
 .text.tud_suspended
                0x10005a60       0x10 CMakeFiles/kws_features.dir/C_/Users/Johnny_Vu/.pico-sdk/sdk/2.2.0/lib/tinyusb/src/device/usbd.c.obj
                0x10005a60                tud_suspended
 .text.tud_inited
                0x10005a70       0x14 CMakeFiles/kws_features.dir/C_/Users/Johnny_Vu/.pico-sdk/sdk/2.2.0/lib/tinyusb/src/device/usbd.c.obj
                0x10005a70                tud_inited
 .text.tud_rhport_init
                0x10005a84      0x100 CMakeFiles/kws_features.dir/C_/Users/Johnny_Vu/.pico-sdk/sdk/2.2.0/lib/tinyusb/src/device/usbd.c.obj
                0x10005a84                tud_rhport_init
 .text.usbd_edpt_open
                0x10005b84       0x60 CMakeFiles/kws_features.dir/C_/Users/Johnny_Vu/.pico-sdk/sdk/2.2.0/lib/tinyusb/src/device/usbd.c.obj
                0x10005b84                usbd_edpt_open
 .text.usbd_open_edpt_pair
                0x10005be4       0x88 CMakeFiles/kws_features.dir/C_/Users/Johnny_Vu/.pico-sdk/sdk/2.2.0/lib/tinyusb/src/device/usbd.c.obj
                0x10005be4                usbd_open_edpt_pair
 .text.usbd_edpt_claim
                0x10005c6c       0x28 CMakeFiles/kws_features.dir/C_/Users/Johnny_Vu/.pico-sdk/sdk/2.2.0/lib/tinyusb/src/device/usbd.c.obj
                0x10005c6c                usbd_edpt_claim
 .text.usbd_edpt_release
                0x10005c94       0x28 CMakeFiles/kws_features.dir/C_/Users/Johnny_Vu/.pico-sdk/sdk/2.2.0/lib/tinyusb/src/device/usbd.c.obj
                0x10005c94                usbd_edpt_release
 .text.usbd_edpt_xfer
                0x10005cbc       0x88 CMakeFiles/kws_features.dir/C_/Users/Johnny_Vu/.pico-sdk/sdk/2.2.0/lib/tinyusb/src/device/usbd.c.obj
                0x10005cbc                usbd_edpt_xfer
 .text.usbd_edpt_stall
                0x10005d44       0x34 CMakeFiles/kws_features.dir/C_/Users/Johnny_Vu/.pico-sdk/sdk/2.2.0/lib/tinyusb/src/device/usbd.c.obj
                0x10005d44                usbd_edpt_stall
 .text.usbd_edpt_clear_stall
                0x10005d78       0x34 CMakeFiles/kws_features.dir/C_/Users/Johnny_Vu/.pico-sdk/sdk/2.2.0/lib/tinyusb/src/device/usbd.c.obj
                0x10005d78                usbd_edpt_clear_stall
 .text.usbd_edpt_stalled
                0x10005dac       0x1c CMakeFiles/kws_features.dir/C_/Users/Johnny_Vu/.pico-sdk/sdk/2.2.0/lib/tinyusb/src/device/usbd.c.obj
                0x10005dac                usbd_edpt_stalled
 .text.process_control_request
                0x10005dc8      0x384 CMakeFiles/kws_features.dir/C_/Users/Johnny_Vu/.pico-sdk/sdk/2.2.0/lib/tinyusb/src/device/usbd.c.obj
 .text.tud_task_ext
                0x1000614c      0x1d0 CMakeFiles/kws_features.dir/C_/Users/Johnny_Vu/.pico-sdk/sdk/2.2.0/lib/tinyusb/src/device/usbd.c.obj
                0x1000614c                tud_task_ext
 .text.status_stage_xact
                0x1000631c       0x1a CMakeFiles/kws_features.dir/C_/Users/Johnny_Vu/.pico-sdk/sdk/2.2.0/lib/tinyusb/src/device/usbd_control.c.obj
 *fill*         0x10006336        0x2 
 .text.data_stage_xact
                0x10006338       0x60 CMakeFiles/kws_features.dir/C_/Users/Johnny_Vu/.pico-sdk/sdk/2.2.0/lib/tinyusb/src/device/usbd_control.c.obj
 .text.tud_control_status
                0x10006398       0x28 CMakeFiles/kws_features.dir/C_/Users/Johnny_Vu/.pico-sdk/sdk/2.2.0/lib/tinyusb/src/device/usbd_control.c.obj
                0x10006398                tud_control_status
 .text.tud_control_xfer
                0x100063c0       0x98 CMakeFiles/kws_features.dir/C_/Users/Johnny_Vu/.pico-sdk/sdk/2.2.0/lib/tinyusb/src/device/usbd_control.c.obj
                0x100063c0                tud_control_xfer
 .text.usbd_control_reset
                0x10006458       0x14 CMakeFiles/kws_features.dir/C_/Users/Johnny_Vu/.pico-sdk/sdk/2.2.0/lib/tinyusb/src/device/usbd_control.c.obj
                0x10006458                usbd_control_reset
 .text.usbd_control_set_complete_callback
                0x1000646c        0xc CMakeFiles/kws_features.dir/C_/Users/Johnny_Vu/.pico-sdk/sdk/2.2.0/lib/tinyusb/src/device/usbd_control.c.obj
                0x1000646c                usbd_control_set_complete_callback
 .text.usbd_control_set_request
                0x10006478       0x1c CMakeFiles/kws_features.dir/C_/Users/Johnny_Vu/.pico-sdk/sdk/2.2.0/lib/tinyusb/src/device/usbd_control.c.obj
                0x10006478                usbd_control_set_request
 .text.usbd_control_xfer_cb
                0x10006494       0xe0 CMakeFiles/kws_features.dir/C_/Users/Johnny_Vu/.pico-sdk/sdk/2.2.0/lib/tinyusb/src/device/usbd_control.c.obj
                0x10006494                usbd_control_xfer_cb
 .text._prep_out_transaction
                0x10006574       0x94 CMakeFiles/kws_features.dir/C_/Users/Johnny_Vu/.pico-sdk/sdk/2.2.0/lib/tinyusb/src/class/cdc/cdc_device.c.obj
 .text.tud_cdc_n_connected
                0x10006608       0x38 CMakeFiles/kws_features.dir/C_/Users/Johnny_Vu/.pico-sdk/sdk/2.2.0/lib/tinyusb/src/class/cdc/cdc_device.c.obj
                0x10006608                tud_cdc_n_connected
 .text.tud_cdc_n_available
                0x10006640       0x18 CMakeFiles/kws_features.dir/C_/Users/Johnny_Vu/.pico-sdk/sdk/2.2.0/lib/tinyusb/src/class/cdc/cdc_device.c.obj
                0x10006640                tud_cdc_n_available
 .text.tud_cdc_n_read
                0x10006658       0x38 CMakeFiles/kws_features.dir/C_/Users/Johnny_Vu/.pico-sdk/sdk/2.2.0/lib/tinyusb/src/class/cdc/cdc_device.c.obj
                0x10006658                tud_cdc_n_read
 .text.tud_cdc_n_write_flush
                0x10006690       0xb0 CMakeFiles/kws_features.dir/C_/Users/Johnny_Vu/.pico-sdk/sdk/2.2.0/lib/tinyusb/src/class/cdc/cdc_device.c.obj
                0x10006690                tud_cdc_n_write_flush
 .text.tud_cdc_n_write
                0x10006740       0x48 CMakeFiles/kws_features.dir/C_/Users/Johnny_Vu/.pico-sdk/sdk/2.2.0/lib/tinyusb/src/class/cdc/cdc_device.c.obj
                0x10006740                tud_cdc_n_write
 .text.tud_cdc_n_write_available
                0x10006788       0x18 CMakeFiles/kws_features.dir/C_/Users/Johnny_Vu/.pico-sdk/sdk/2.2.0/lib/tinyusb/src/class/cdc/cdc_device.c.obj
                0x10006788                tud_cdc_n_write_available
 .text.cdcd_init
                0x100067a0       0xac CMakeFiles/kws_features.dir/C_/Users/Johnny_Vu/.pico-sdk/sdk/2.2.0/lib/tinyusb/src/class/cdc/cdc_device.c.obj
                0x100067a0                cdcd_init
 .text.cdcd_deinit
                0x1000684c       0x48 CMakeFiles/kws_features.dir/C_/Users/Johnny_Vu/.pico-sdk/sdk/2.2.0/lib/tinyusb/src/class/cdc/cdc_device.c.obj
                0x1000684c                cdcd_deinit
 .text.cdcd_reset
                0x10006894       0x70 CMakeFiles/kws_features.dir/C_/Users/Johnny_Vu/.pico-sdk/sdk/2.2.0/lib/tinyusb/src/class/cdc/cdc_device.c.obj
                0x10006894                cdcd_reset
 .text.cdcd_open
                0x10006904       0xec CMakeFiles/kws_features.dir/C_/Users/Johnny_Vu/.pico-sdk/sdk/2.2.0/lib/tinyusb/src/class/cdc/cdc_device.c.obj
                0x10006904                cdcd_open
 .text.cdcd_control_xfer_cb
                0x100069f0      0x13c CMakeFiles/kws_features.dir/C_/Users/Johnny_Vu/.pico-sdk/sdk/2.2.0/lib/tinyusb/src/class/cdc/cdc_device.c.obj
                0x100069f0                cdcd_control_xfer_cb
 .text.cdcd_xfer_cb
                0x10006b2c      0x148 CMakeFiles/kws_features.dir/C_/Users/Johnny_Vu/.pico-sdk/sdk/2.2.0/lib/tinyusb/src/class/cdc/cdc_device.c.obj
                0x10006b2c                cdcd_xfer_cb
 .text.tud_vendor_n_mounted
                0x10006c74       0x3c CMakeFiles/kws_features.dir/C_/Users/Johnny_Vu/.pico-sdk/sdk/2.2.0/lib/tinyusb/src/class/vendor/vendor_device.c.obj
                0x10006c74                tud_vendor_n_mounted
 .text.tud_vendor_n_write_flush
                0x10006cb0       0x20 CMakeFiles/kws_features.dir/C_/Users/Johnny_Vu/.pico-sdk/sdk/2.2.0/lib/tinyusb/src/class/vendor/vendor_device.c.obj
                0x10006cb0                tud_vendor_n_write_flush
 .text.vendord_init
                0x10006cd0       0x9c CMakeFiles/kws_features.dir/C_/Users/Johnny_Vu/.pico-sdk/sdk/2.2.0/lib/tinyusb/src/class/vendor/vendor_device.c.obj
                0x10006cd0                vendord_init
 .text.vendord_deinit
                0x10006d6c       0x34 CMakeFiles/kws_features.dir/C_/Users/Johnny_Vu/.pico-sdk/sdk/2.2.0/lib/tinyusb/src/class/vendor/vendor_device.c.obj
                0x10006d6c                vendord_deinit
 .text.vendord_reset
                0x10006da0       0x50 CMakeFiles/kws_features.dir/C_/Users/Johnny_Vu/.pico-sdk/sdk/2.2.0/lib/tinyusb/src/class/vendor/vendor_device.c.obj
                0x10006da0                vendord_reset
 .text.vendord_open
                0x10006df0      0x14c CMakeFiles/kws_features.dir/C_/Users/Johnny_Vu/.pico-sdk/sdk/2.2.0/lib/tinyusb/src/class/vendor/vendor_device.c.obj
                0x10006df0                vendord_open
 .text.vendord_xfer_cb
                0x10006f3c       0xd8 CMakeFiles/kws_features.dir/C_/Users/Johnny_Vu/.pico-sdk/sdk/2.2.0/lib/tinyusb/src/class/vendor/vendor_device.c.obj
                0x10006f3c                vendord_xfer_cb
 .text.tusb_rhport_init
                0x10007014       0x78 CMakeFiles/kws_features.dir/C_/Users/Johnny_Vu/.pico-sdk/sdk/2.2.0/lib/tinyusb/src/tusb.c.obj
                0x10007014                tusb_rhport_init
 .text.tu_edpt_claim
                0x1000708c       0x50 CMakeFiles/kws_features.dir/C_/Users/Johnny_Vu/.pico-sdk/sdk/2.2.0/lib/tinyusb/src/tusb.c.obj
                0x1000708c                tu_edpt_claim
 .text.tu_edpt_release
                0x100070dc       0x38 CMakeFiles/kws_features.dir/C_/Users/Johnny_Vu/.pico-sdk/sdk/2.2.0/lib/tinyusb/src/tusb.c.obj
                0x100070dc                tu_edpt_release
 .text.tu_edpt_validate
                0x10007114       0xac CMakeFiles/kws_features.dir/C_/Users/Johnny_Vu/.pico-sdk/sdk/2.2.0/lib/tinyusb/src/tusb.c.obj
                0x10007114                tu_edpt_validate
 .text.tu_edpt_bind_driver
                0x100071c0       0x26 CMakeFiles/kws_features.dir/C_/Users/Johnny_Vu/.pico-sdk/sdk/2.2.0/lib/tinyusb/src/tusb.c.obj
                0x100071c0                tu_edpt_bind_driver
 .text.tu_edpt_stream_init
                0x100071e6       0x62 CMakeFiles/kws_features.dir/C_/Users/Johnny_Vu/.pico-sdk/sdk/2.2.0/lib/tinyusb/src/tusb.c.obj
                0x100071e6                tu_edpt_stream_init
 .text.tu_edpt_stream_deinit
                0x10007248        0x4 CMakeFiles/kws_features.dir/C_/Users/Johnny_Vu/.pico-sdk/sdk/2.2.0/lib/tinyusb/src/tusb.c.obj
                0x10007248                tu_edpt_stream_deinit
 .text.tu_edpt_stream_write_zlp_if_needed
                0x1000724c       0x80 CMakeFiles/kws_features.dir/C_/Users/Johnny_Vu/.pico-sdk/sdk/2.2.0/lib/tinyusb/src/tusb.c.obj
                0x1000724c                tu_edpt_stream_write_zlp_if_needed
 .text.tu_edpt_stream_write_xfer
                0x100072cc       0x84 CMakeFiles/kws_features.dir/C_/Users/Johnny_Vu/.pico-sdk/sdk/2.2.0/lib/tinyusb/src/tusb.c.obj
                0x100072cc                tu_edpt_stream_write_xfer
 .text.tu_edpt_stream_read_xfer
                0x10007350       0xf4 CMakeFiles/kws_features.dir/C_/Users/Johnny_Vu/.pico-sdk/sdk/2.2.0/lib/tinyusb/src/tusb.c.obj
                0x10007350                tu_edpt_stream_read_xfer
 .text.advance_index
                0x10007444       0x1a CMakeFiles/kws_features.dir/C_/Users/Johnny_Vu/.pico-sdk/sdk/2.2.0/lib/tinyusb/src/common/tusb_fifo.c.obj
 .text._tu_fifo_peek
                0x1000745e       0x56 CMakeFiles/kws_features.dir/C_/Users/Johnny_Vu/.pico-sdk/sdk/2.2.0/lib/tinyusb/src/common/tusb_fifo.c.obj
 .text._ff_pull_n
                0x100074b4       0x68 CMakeFiles/kws_features.dir/C_/Users/Johnny_Vu/.pico-sdk/sdk/2.2.0/lib/tinyusb/src/common/tusb_fifo.c.obj
 .text._tu_fifo_peek_n
                0x1000751c       0x6a CMakeFiles/kws_features.dir/C_/Users/Johnny_Vu/.pico-sdk/sdk/2.2.0/lib/tinyusb/src/common/tusb_fifo.c.obj
 .text._tu_fifo_read_n
                0x10007586       0x4e CMakeFiles/kws_features.dir/C_/Users/Johnny_Vu/.pico-sdk/sdk/2.2.0/lib/tinyusb/src/common/tusb_fifo.c.obj
 .text._ff_push_n
                0x100075d4       0x68 CMakeFiles/kws_features.dir/C_/Users/Johnny_Vu/.pico-sdk/sdk/2.2.0/lib/tinyusb/src/common/tusb_fifo.c.obj
 .text._tu_fifo_write_n
                0x1000763c       0xf0 CMakeFiles/kws_features.dir/C_/Users/Johnny_Vu/.pico-sdk/sdk/2.2.0/lib/tinyusb/src/common/tusb_fifo.c.obj
 .text.tu_fifo_config
                0x1000772c       0x7c CMakeFiles/kws_features.dir/C_/Users/Johnny_Vu/.pico-sdk/sdk/2.2.0/lib/tinyusb/src/common/tusb_fifo.c.obj
                0x1000772c                tu_fifo_config
 .text.tu_fifo_count
                0x100077a8       0x2c CMakeFiles/kws_features.dir/C_/Users/Johnny_Vu/.pico-sdk/sdk/2.2.0/lib/tinyusb/src/common/tusb_fifo.c.obj
                0x100077a8                tu_fifo_count
 .text.tu_fifo_empty
                0x100077d4        0xe CMakeFiles/kws_features.dir/C_/Users/Johnny_Vu/.pico-sdk/sdk/2.2.0/lib/tinyusb/src/common/tusb_fifo.c.obj
                0x100077d4                tu_fifo_empty
 .text.tu_fifo_full
                0x100077e2       0x2a CMakeFiles/kws_features.dir/C_/Users/Johnny_Vu/.pico-sdk/sdk/2.2.0/lib/tinyusb/src/common/tusb_fifo.c.obj
                0x100077e2                tu_fifo_full
 .text.tu_fifo_remaining
                0x1000780c       0x2e CMakeFiles/kws_features.dir/C_/Users/Johnny_Vu/.pico-sdk/sdk/2.2.0/lib/tinyusb/src/common/tusb_fifo.c.obj
                0x1000780c                tu_fifo_remaining
 .text.tu_fifo_read
                0x1000783a       0x42 CMakeFiles/kws_features.dir/C_/Users/Johnny_Vu/.pico-sdk/sdk/2.2.0/lib/tinyusb/src/common/tusb_fifo.c.obj
                0x1000783a                tu_fifo_read
 .text.tu_fifo_read_n
                0x1000787c        0xa CMakeFiles/kws_features.dir/C_/Users/Johnny_Vu/.pico-sdk/sdk/2.2.0/lib/tinyusb/src/common/tusb_fifo.c.obj
                0x1000787c                tu_fifo_read_n
 .text.tu_fifo_write
                0x10007886       0x64 CMakeFiles/kws_features.dir/C_/Users/Johnny_Vu/.pico-sdk/sdk/2.2.0/lib/tinyusb/src/common/tusb_fifo.c.obj
                0x10007886                tu_fifo_write
 .text.tu_fifo_write_n
                0x100078ea        0xa CMakeFiles/kws_features.dir/C_/Users/Johnny_Vu/.pico-sdk/sdk/2.2.0/lib/tinyusb/src/common/tusb_fifo.c.obj
                0x100078ea                tu_fifo_write_n
 .text.tu_fifo_clear
                0x100078f4       0x3e CMakeFiles/kws_features.dir/C_/Users/Johnny_Vu/.pico-sdk/sdk/2.2.0/lib/tinyusb/src/common/tusb_fifo.c.obj
                0x100078f4                tu_fifo_clear
 .text.tu_fifo_set_overwritable
                0x10007932       0x46 CMakeFiles/kws_features.dir/C_/Users/Johnny_Vu/.pico-sdk/sdk/2.2.0/lib/tinyusb/src/common/tusb_fifo.c.obj
                0x10007932                tu_fifo_set_overwritable
 .text.adc_init
                0x10007978       0x34 CMakeFiles/kws_features.dir/C_/Users/Johnny_Vu/.pico-sdk/sdk/2.2.0/src/rp2_common/hardware_adc/adc.c.obj
                0x10007978                adc_init
 .text.strlen   0x100079ac       0x5c C:/Users/JOHNNY~1/PICO-S~1/TOOLCH~1/14_2_R~1/bin/../lib/gcc/arm-none-eabi/14.2.1/thumb/v6-m/nofp\libg.a(libc_a-strlen-stub.o)
                0x100079ac                strlen
 *(.fini)
 .fini          0x10007a08        0x4 C:/Users/JOHNNY~1/PICO-S~1/TOOLCH~1/14_2_R~1/bin/../lib/gcc/arm-none-eabi/14.2.1/thumb/v6-m/nofp/crti.o
                0x10007a08                _fini
 *fill*         0x10007a0c        0x4 
 .fini.__stub   0x10007a10       0xd0 linker stubs
 *crtbegin.o(.ctors)
 *crtbegin?.o(.ctors)
 *(EXCLUDE_FILE(*crtend.o *crtend?.o) .ctors)
 *(SORT_BY_NAME(.ctors.*))
 *(.ctors)
 *crtbegin.o(.dtors)
 *crtbegin?.o(.dtors)
 *(EXCLUDE_FILE(*crtend.o *crtend?.o) .dtors)
 *(SORT_BY_NAME(.dtors.*))
 *(.dtors)
                0x10007ae0                        . = ALIGN (0x4)
                0x10007ae0                        PROVIDE (__preinit_array_start = .)
 *(SORT_BY_NAME(.preinit_array.*))
 .preinit_array.00100
                0x10007ae0        0x4 CMakeFiles/kws_features.dir/C_/Users/Johnny_Vu/.pico-sdk/sdk/2.2.0/src/rp2_common/pico_runtime_init/runtime_init.c.obj
                0x10007ae0                __pre_init_runtime_init_early_resets
 .preinit_array.00101
                0x10007ae4        0x4 CMakeFiles/kws_features.dir/C_/Users/Johnny_Vu/.pico-sdk/sdk/2.2.0/src/rp2_common/pico_runtime_init/runtime_init.c.obj
                0x10007ae4                __pre_init_runtime_init_usb_power_down
 .preinit_array.00275
                0x10007ae8        0x4 CMakeFiles/kws_features.dir/C_/Users/Johnny_Vu/.pico-sdk/sdk/2.2.0/src/rp2_common/pico_bit_ops/bit_ops_aeabi.S.obj
 .preinit_array.00300
                0x10007aec        0x4 CMakeFiles/kws_features.dir/C_/Users/Johnny_Vu/.pico-sdk/sdk/2.2.0/src/rp2_common/pico_mem_ops/mem_ops_aeabi.S.obj
 .preinit_array.00350
                0x10007af0        0x4 CMakeFiles/kws_features.dir/C_/Users/Johnny_Vu/.pico-sdk/sdk/2.2.0/src/rp2_common/pico_double/double_aeabi_rp2040.S.obj
 .preinit_array.00350
                0x10007af4        0x4 CMakeFiles/kws_features.dir/C_/Users/Johnny_Vu/.pico-sdk/sdk/2.2.0/src/rp2_common/pico_float/float_aeabi_rp2040.S.obj
 .preinit_array.00500
                0x10007af8        0x4 CMakeFiles/kws_features.dir/C_/Users/Johnny_Vu/.pico-sdk/sdk/2.2.0/src/rp2_common/pico_runtime_init/runtime_init.c.obj
                0x10007af8                __pre_init_runtime_init_clocks
 .preinit_array.00600
                0x10007afc        0x4 CMakeFiles/kws_features.dir/C_/Users/Johnny_Vu/.pico-sdk/sdk/2.2.0/src/rp2_common/pico_runtime_init/runtime_init.c.obj
                0x10007afc                __pre_init_runtime_init_post_clock_resets
 .preinit_array.00700
                0x10007b00        0x4 CMakeFiles/kws_features.dir/C_/Users/Johnny_Vu/.pico-sdk/sdk/2.2.0/src/rp2_common/pico_runtime_init/runtime_init.c.obj
                0x10007b00                __pre_init_runtime_init_rp2040_gpio_ie_disable
 .preinit_array.01000
                0x10007b04        0x4 CMakeFiles/kws_features.dir/C_/Users/Johnny_Vu/.pico-sdk/sdk/2.2.0/src/rp2_common/pico_runtime_init/runtime_init.c.obj
                0x10007b04                __pre_init_runtime_init_spin_locks_reset
 .preinit_array.01100
                0x10007b08        0x4 CMakeFiles/kws_features.dir/C_/Users/Johnny_Vu/.pico-sdk/sdk/2.2.0/src/common/pico_sync/mutex.c.obj
                0x10007b08                __pre_init_runtime_init_mutex
 .preinit_array.10080
                0x10007b0c        0x4 CMakeFiles/kws_features.dir/C_/Users/Johnny_Vu/.pico-sdk/sdk/2.2.0/src/rp2_common/pico_runtime_init/runtime_init.c.obj
                0x10007b0c                __pre_init_runtime_init_install_ram_vector_table
 .preinit_array.11000
                0x10007b10        0x4 CMakeFiles/kws_features.dir/C_/Users/Johnny_Vu/.pico-sdk/sdk/2.2.0/src/common/pico_time/time.c.obj
                0x10007b10                __pre_init_runtime_init_default_alarm_pool
 .preinit_array.YYYYY
                0x10007b14        0x4 CMakeFiles/kws_features.dir/C_/Users/Johnny_Vu/.pico-sdk/sdk/2.2.0/src/rp2_common/pico_runtime/runtime.c.obj
                0x10007b14                __pre_init_first_per_core_initializer
 .preinit_array.ZZZZZ.01200
                0x10007b18        0x4 CMakeFiles/kws_features.dir/C_/Users/Johnny_Vu/.pico-sdk/sdk/2.2.0/src/rp2_common/hardware_irq/irq.c.obj
                0x10007b18                __pre_init_runtime_init_per_core_irq_priorities
 *(.preinit_array)
                0x10007b1c                        PROVIDE (__preinit_array_end = .)
                0x10007b1c                        . = ALIGN (0x4)
                0x10007b1c                        PROVIDE (__init_array_start = .)
 *(SORT_BY_NAME(.init_array.*))
 .init_array.01000
                0x10007b1c        0x4 CMakeFiles/kws_features.dir/C_/Users/Johnny_Vu/.pico-sdk/sdk/2.2.0/src/rp2_common/pico_unique_id/unique_id.c.obj
 *(.init_array)
 .init_array    0x10007b20        0x4 C:/Users/JOHNNY~1/PICO-S~1/TOOLCH~1/14_2_R~1/bin/../lib/gcc/arm-none-eabi/14.2.1/thumb/v6-m/nofp/crtbegin.o
                0x10007b24                        PROVIDE (__init_array_end = .)
                0x10007b24                        . = ALIGN (0x4)
                [!provide]                        PROVIDE (__fini_array_start = .)
 *(SORT_BY_NAME(.fini_array.*))
 *(.fini_array)
                [!provide]                        PROVIDE (__fini_array_end = .)
 *(.eh_frame*)
 .eh_frame      0x10007b24        0x0 C:/Users/JOHNNY~1/PICO-S~1/TOOLCH~1/14_2_R~1/bin/../lib/gcc/arm-none-eabi/14.2.1/thumb/v6-m/nofp/crtbegin.o
                0x10007b24                        . = ALIGN (0x4)

.glue_7         0x10007b24        0x0
 .glue_7        0x10007b24        0x0 linker stubs

.glue_7t        0x10007b24        0x0
 .glue_7t       0x10007b24        0x0 linker stubs

.vfp11_veneer   0x10007b24        0x0
 .vfp11_veneer  0x10007b24        0x0 linker stubs

.v4_bx          0x10007b24        0x0
 .v4_bx         0x10007b24        0x0 linker stubs

.iplt           0x10007b24        0x0
 .iplt          0x10007b24        0x0 C:/Users/JOHNNY~1/PICO-S~1/TOOLCH~1/14_2_R~1/bin/../lib/gcc/arm-none-eabi/14.2.1/thumb/v6-m/nofp/crtbegin.o

.rodata         0x10007b28     0x15bc
 *(EXCLUDE_FILE(*libm.a: *libc.a:*lib_a-mem*.o *libgcc.a:) .rodata*)
 .rodata.capture_template_once.str1.4
                0x10007b28      0xd93 CMakeFiles/kws_features.dir/src/main.c.obj
                                 0x53 (size before relaxing)
 .rodata.main.str1.4
                0x100088bb       0x7e CMakeFiles/kws_features.dir/src/main.c.obj
 .rodata.rp2040_chip_version.str1.4
                0x100088bb       0x81 CMakeFiles/kws_features.dir/C_/Users/Johnny_Vu/.pico-sdk/sdk/2.2.0/src/rp2040/pico_platform/platform.c.obj
 *fill*         0x100088bb        0x1 
 .rodata.__func__.0
                0x100088bc       0x14 CMakeFiles/kws_features.dir/C_/Users/Johnny_Vu/.pico-sdk/sdk/2.2.0/src/rp2040/pico_platform/platform.c.obj
 .rodata.panic.str1.4
                0x100088d0       0x12 CMakeFiles/kws_features.dir/C_/Users/Johnny_Vu/.pico-sdk/sdk/2.2.0/src/rp2_common/pico_platform_panic/panic.c.obj
 .rodata.spin_lock_claim_unused.str1.4
                0x100088d0       0x1b CMakeFiles/kws_features.dir/C_/Users/Johnny_Vu/.pico-sdk/sdk/2.2.0/src/rp2_common/hardware_sync/sync.c.obj
 .rodata.resolve_j_16.str1.4
                0x100088d0       0x61 CMakeFiles/kws_features.dir/C_/Users/Johnny_Vu/.pico-sdk/sdk/2.2.0/src/rp2_common/hardware_irq/irq.c.obj
 .rodata.make_j_16.str1.4
                0x100088d0       0x30 CMakeFiles/kws_features.dir/C_/Users/Johnny_Vu/.pico-sdk/sdk/2.2.0/src/rp2_common/hardware_irq/irq.c.obj
 .rodata.irq_set_exclusive_handler.str1.4
                0x100088d0       0x36 CMakeFiles/kws_features.dir/C_/Users/Johnny_Vu/.pico-sdk/sdk/2.2.0/src/rp2_common/hardware_irq/irq.c.obj
 .rodata.irq_add_shared_handler.str1.4
                0x100088d0       0xd2 CMakeFiles/kws_features.dir/C_/Users/Johnny_Vu/.pico-sdk/sdk/2.2.0/src/rp2_common/hardware_irq/irq.c.obj
 .rodata.irq_add_tail_to_free_list.str1.4
                0x100088d0       0x3a CMakeFiles/kws_features.dir/C_/Users/Johnny_Vu/.pico-sdk/sdk/2.2.0/src/rp2_common/hardware_irq/irq.c.obj
 .rodata.user_irq_claim_unused.str1.4
                0x100088d0       0x1b CMakeFiles/kws_features.dir/C_/Users/Johnny_Vu/.pico-sdk/sdk/2.2.0/src/rp2_common/hardware_irq/irq.c.obj
 .rodata.__func__.0
                0x100088d0       0x1a CMakeFiles/kws_features.dir/C_/Users/Johnny_Vu/.pico-sdk/sdk/2.2.0/src/rp2_common/hardware_irq/irq.c.obj
 *fill*         0x100088ea        0x2 
 .rodata.__func__.3
                0x100088ec        0xa CMakeFiles/kws_features.dir/C_/Users/Johnny_Vu/.pico-sdk/sdk/2.2.0/src/rp2_common/hardware_irq/irq.c.obj
 *fill*         0x100088f6        0x2 
 .rodata.__func__.4
                0x100088f8        0xd CMakeFiles/kws_features.dir/C_/Users/Johnny_Vu/.pico-sdk/sdk/2.2.0/src/rp2_common/hardware_irq/irq.c.obj
 *fill*         0x10008905        0x3 
 .rodata.__func__.5
                0x10008908       0x17 CMakeFiles/kws_features.dir/C_/Users/Johnny_Vu/.pico-sdk/sdk/2.2.0/src/rp2_common/hardware_irq/irq.c.obj
 *fill*         0x1000891f        0x1 
 .rodata.__func__.6
                0x10008920       0x1a CMakeFiles/kws_features.dir/C_/Users/Johnny_Vu/.pico-sdk/sdk/2.2.0/src/rp2_common/hardware_irq/irq.c.obj
 .rodata.runtime_init_mutex.str1.4
                0x1000893a       0x64 CMakeFiles/kws_features.dir/C_/Users/Johnny_Vu/.pico-sdk/sdk/2.2.0/src/common/pico_sync/mutex.c.obj
 .rodata.str1.4
                0x1000893a       0x51 CMakeFiles/kws_features.dir/C_/Users/Johnny_Vu/.pico-sdk/sdk/2.2.0/src/common/pico_sync/mutex.c.obj
 *fill*         0x1000893a        0x2 
 .rodata.__func__.1
                0x1000893c        0xb CMakeFiles/kws_features.dir/C_/Users/Johnny_Vu/.pico-sdk/sdk/2.2.0/src/common/pico_sync/mutex.c.obj
 *fill*         0x10008947        0x1 
 .rodata.__func__.3
                0x10008948       0x18 CMakeFiles/kws_features.dir/C_/Users/Johnny_Vu/.pico-sdk/sdk/2.2.0/src/common/pico_sync/mutex.c.obj
 .rodata.__func__.6
                0x10008960       0x13 CMakeFiles/kws_features.dir/C_/Users/Johnny_Vu/.pico-sdk/sdk/2.2.0/src/common/pico_sync/mutex.c.obj
 .rodata.alarm_pool_irq_handler.str1.4
                0x10008973       0x6f CMakeFiles/kws_features.dir/C_/Users/Johnny_Vu/.pico-sdk/sdk/2.2.0/src/common/pico_time/time.c.obj
 .rodata.alarm_pool_get_default.str1.4
                0x10008973       0x21 CMakeFiles/kws_features.dir/C_/Users/Johnny_Vu/.pico-sdk/sdk/2.2.0/src/common/pico_time/time.c.obj
 .rodata.sleep_until.str1.4
                0x10008973       0x4d CMakeFiles/kws_features.dir/C_/Users/Johnny_Vu/.pico-sdk/sdk/2.2.0/src/common/pico_time/time.c.obj
 *fill*         0x10008973        0x1 
 .rodata.__func__.1
                0x10008974       0x17 CMakeFiles/kws_features.dir/C_/Users/Johnny_Vu/.pico-sdk/sdk/2.2.0/src/common/pico_time/time.c.obj
 *fill*         0x1000898b        0x1 
 .rodata.__func__.2
                0x1000898c       0x17 CMakeFiles/kws_features.dir/C_/Users/Johnny_Vu/.pico-sdk/sdk/2.2.0/src/common/pico_time/time.c.obj
 .rodata.timer_hardware_alarm_claim.str1.4
                0x100089a3       0x22 CMakeFiles/kws_features.dir/C_/Users/Johnny_Vu/.pico-sdk/sdk/2.2.0/src/rp2_common/hardware_timer/timer.c.obj
 .rodata.pll_init.str1.4
                0x100089a3      0x120 CMakeFiles/kws_features.dir/C_/Users/Johnny_Vu/.pico-sdk/sdk/2.2.0/src/rp2_common/hardware_pll/pll.c.obj
 *fill*         0x100089a3        0x1 
 .rodata.__func__.0
                0x100089a4        0x9 CMakeFiles/kws_features.dir/C_/Users/Johnny_Vu/.pico-sdk/sdk/2.2.0/src/rp2_common/hardware_pll/pll.c.obj
 .rodata.missing_double_func_shim.str1.4
                0x100089ad       0x18 CMakeFiles/kws_features.dir/8ec32942fbe16ef2867d0467419c12d5/src/rp2_common/pico_double/double_init_rom_rp2040.c.obj
 .rodata.__aeabi_double_init.str1.4
                0x100089ad       0x9f CMakeFiles/kws_features.dir/8ec32942fbe16ef2867d0467419c12d5/src/rp2_common/pico_double/double_init_rom_rp2040.c.obj
 *fill*         0x100089ad        0x3 
 .rodata.__func__.0
                0x100089b0       0x14 CMakeFiles/kws_features.dir/8ec32942fbe16ef2867d0467419c12d5/src/rp2_common/pico_double/double_init_rom_rp2040.c.obj
 .rodata.missing_float_func_shim.str1.4
                0x100089c4        0x1 CMakeFiles/kws_features.dir/8ec32942fbe16ef2867d0467419c12d5/src/rp2_common/pico_float/float_init_rom_rp2040.c.obj
 .rodata.__aeabi_float_init.str1.4
                0x100089c4       0x8d CMakeFiles/kws_features.dir/8ec32942fbe16ef2867d0467419c12d5/src/rp2_common/pico_float/float_init_rom_rp2040.c.obj
 .rodata.__func__.0
                0x100089c4       0x13 CMakeFiles/kws_features.dir/8ec32942fbe16ef2867d0467419c12d5/src/rp2_common/pico_float/float_init_rom_rp2040.c.obj
 .rodata.str1.4
                0x100089d7       0x44 CMakeFiles/kws_features.dir/a11f959e77d50b0226241a22e55ac473/pico_standard_binary_info/standard_binary_info.c.obj
 *fill*         0x100089d7        0x1 
 .rodata.__bi_84
                0x100089d8        0xc CMakeFiles/kws_features.dir/a11f959e77d50b0226241a22e55ac473/pico_standard_binary_info/standard_binary_info.c.obj
 .rodata.__bi_78
                0x100089e4        0xc CMakeFiles/kws_features.dir/a11f959e77d50b0226241a22e55ac473/pico_standard_binary_info/standard_binary_info.c.obj
 .rodata.__bi_54
                0x100089f0        0xc CMakeFiles/kws_features.dir/a11f959e77d50b0226241a22e55ac473/pico_standard_binary_info/standard_binary_info.c.obj
 .rodata.__bi_48
                0x100089fc        0xc CMakeFiles/kws_features.dir/a11f959e77d50b0226241a22e55ac473/pico_standard_binary_info/standard_binary_info.c.obj
 .rodata.__bi_42
                0x10008a08        0xc CMakeFiles/kws_features.dir/a11f959e77d50b0226241a22e55ac473/pico_standard_binary_info/standard_binary_info.c.obj
 .rodata.__bi_34
                0x10008a14        0xc CMakeFiles/kws_features.dir/a11f959e77d50b0226241a22e55ac473/pico_standard_binary_info/standard_binary_info.c.obj
 .rodata.__bi_26
                0x10008a20        0xc CMakeFiles/kws_features.dir/a11f959e77d50b0226241a22e55ac473/pico_standard_binary_info/standard_binary_info.c.obj
 .rodata._ftoa.str1.4
                0x10008a2c       0x15 CMakeFiles/kws_features.dir/C_/Users/Johnny_Vu/.pico-sdk/sdk/2.2.0/src/rp2_common/pico_printf/printf.c.obj
 .rodata._vsnprintf
                0x10008a2c      0x19c CMakeFiles/kws_features.dir/C_/Users/Johnny_Vu/.pico-sdk/sdk/2.2.0/src/rp2_common/pico_printf/printf.c.obj
 .rodata.pow10.0
                0x10008bc8       0x50 CMakeFiles/kws_features.dir/C_/Users/Johnny_Vu/.pico-sdk/sdk/2.2.0/src/rp2_common/pico_printf/printf.c.obj
 .rodata.__assert_func.str1.4
                0x10008c18       0x43 CMakeFiles/kws_features.dir/8ec32942fbe16ef2867d0467419c12d5/src/rp2_common/pico_clib_interface/newlib_interface.c.obj
 .rodata.stdio_getchar_timeout_us.str1.4
                0x10008c18       0x4d CMakeFiles/kws_features.dir/C_/Users/Johnny_Vu/.pico-sdk/sdk/2.2.0/src/rp2_common/pico_stdio/stdio.c.obj
 .rodata.__func__.1
                0x10008c18       0x19 CMakeFiles/kws_features.dir/C_/Users/Johnny_Vu/.pico-sdk/sdk/2.2.0/src/rp2_common/pico_stdio/stdio.c.obj
 *fill*         0x10008c31        0x3 
 .rodata.crlf_str.0
                0x10008c34        0x2 CMakeFiles/kws_features.dir/C_/Users/Johnny_Vu/.pico-sdk/sdk/2.2.0/src/rp2_common/pico_stdio/stdio.c.obj
 *fill*         0x10008c36        0x2 
 .rodata._resetd_driver
                0x10008c38       0x20 CMakeFiles/kws_features.dir/C_/Users/Johnny_Vu/.pico-sdk/sdk/2.2.0/src/rp2_common/pico_stdio_usb/reset_interface.c.obj
 .rodata.desc_ms_os_20
                0x10008c58       0xa6 CMakeFiles/kws_features.dir/C_/Users/Johnny_Vu/.pico-sdk/sdk/2.2.0/src/rp2_common/pico_stdio_usb/reset_interface.c.obj
 *fill*         0x10008cfe        0x2 
 .rodata.desc_bos
                0x10008d00       0x21 CMakeFiles/kws_features.dir/C_/Users/Johnny_Vu/.pico-sdk/sdk/2.2.0/src/rp2_common/pico_stdio_usb/reset_interface.c.obj
                0x10008d00                desc_bos
 .rodata.stdio_usb_init.str1.4
                0x10008d21       0x59 CMakeFiles/kws_features.dir/C_/Users/Johnny_Vu/.pico-sdk/sdk/2.2.0/src/rp2_common/pico_stdio_usb/stdio_usb.c.obj
 .rodata.str1.4
                0x10008d21       0x13 CMakeFiles/kws_features.dir/C_/Users/Johnny_Vu/.pico-sdk/sdk/2.2.0/src/rp2_common/pico_stdio_usb/stdio_usb.c.obj
 *fill*         0x10008d21        0x3 
 .rodata.__bi_202.1
                0x10008d24        0xc CMakeFiles/kws_features.dir/C_/Users/Johnny_Vu/.pico-sdk/sdk/2.2.0/src/rp2_common/pico_stdio_usb/stdio_usb.c.obj
 .rodata.__func__.2
                0x10008d30        0xf CMakeFiles/kws_features.dir/C_/Users/Johnny_Vu/.pico-sdk/sdk/2.2.0/src/rp2_common/pico_stdio_usb/stdio_usb.c.obj
 .rodata.str1.4
                0x10008d3f       0x2a CMakeFiles/kws_features.dir/8ec32942fbe16ef2867d0467419c12d5/src/rp2_common/pico_stdio_usb/stdio_usb_descriptors.c.obj
 *fill*         0x10008d3f        0x1 
 .rodata.usbd_desc_str
                0x10008d40       0x18 CMakeFiles/kws_features.dir/8ec32942fbe16ef2867d0467419c12d5/src/rp2_common/pico_stdio_usb/stdio_usb_descriptors.c.obj
 .rodata.usbd_desc_cfg
                0x10008d58       0x54 CMakeFiles/kws_features.dir/8ec32942fbe16ef2867d0467419c12d5/src/rp2_common/pico_stdio_usb/stdio_usb_descriptors.c.obj
 .rodata.usbd_desc_device
                0x10008dac       0x12 CMakeFiles/kws_features.dir/8ec32942fbe16ef2867d0467419c12d5/src/rp2_common/pico_stdio_usb/stdio_usb_descriptors.c.obj
 .rodata.pico_get_unique_board_id_string.str1.4
                0x10008dbe       0x59 CMakeFiles/kws_features.dir/C_/Users/Johnny_Vu/.pico-sdk/sdk/2.2.0/src/rp2_common/pico_unique_id/unique_id.c.obj
 *fill*         0x10008dbe        0x2 
 .rodata.__func__.0
                0x10008dc0       0x20 CMakeFiles/kws_features.dir/C_/Users/Johnny_Vu/.pico-sdk/sdk/2.2.0/src/rp2_common/pico_unique_id/unique_id.c.obj
 .rodata.str1.4
                0x10008de0      0x209 CMakeFiles/kws_features.dir/C_/Users/Johnny_Vu/.pico-sdk/sdk/2.2.0/src/rp2_common/hardware_flash/flash.c.obj
 .rodata.__func__.0
                0x10008de0        0xd CMakeFiles/kws_features.dir/C_/Users/Johnny_Vu/.pico-sdk/sdk/2.2.0/src/rp2_common/hardware_flash/flash.c.obj
 .rodata.hw_endpoint_alloc.str1.4